// Vitest Snapshot v1, https://vitest.dev/guide/snapshot.html

exports[`AreaSelectInputField > renders correctly and matches snapshot 1`] = `
<div>
  <label
    class="src__Label-sc-iqzvxn-0 cjKMYe sc-aXZVg gbgKti"
    data-testid="area-type-selector-container-pyramid"
  >
    <span
      class="src__LabelText-sc-1lbxenh-0 bKqlAx"
    >
      Select an Area
    </span>
    <select
      class="src__StyledSelect-sc-sgud4a-0 krelYQ"
    >
      <option
        value="001"
      >
        Area One
      </option>
      <option
        value="002"
      >
        Area Two
      </option>
    </select>
  </label>
</div>
`;
