// Jest Snapshot v1, https://goo.gl/fbAQLP

exports[`Testing the BenchmarkLabel Component  snapshot testing of the UI 1`] = `
<DocumentFragment>
  .c0 {
  display: -webkit-box;
  display: -webkit-flex;
  display: -ms-flexbox;
  display: flex;
  -webkit-flex-direction: column;
  -ms-flex-direction: column;
  flex-direction: column;
  box-sizing: border-box;
  margin-bottom: 0;
}

.c0:after {
  content: '';
  display: table;
  clear: both;
}

.c1 {
  display: inline-block;
  padding: 5px 8px 4px 8px;
  -webkit-align-items: center;
  -webkit-box-align: center;
  -ms-flex-align: center;
  align-items: center;
  font-size: 12px;
  font-style: normal;
  font-weight: 300;
  line-height: 16px;
  -webkit-letter-spacing: 1px;
  -moz-letter-spacing: 1px;
  -ms-letter-spacing: 1px;
  letter-spacing: 1px;
  margin: 0.5px;
  font-family: GDS Transport;
  background-color: #D494C1;
  color: var(--other-black,#0B0C0C);
}

@media only screen and (min-width:641px) {
  .c0 {
    margin-bottom: 0;
  }
}

<label
    class="c0 c1"
  >
    <label
      class="c0"
    >
      Worst
    </label>
  </label>
</DocumentFragment>
`;
