// Jest Snapshot v1, https://goo.gl/fbAQLP

exports[`snapshot test - renders the form 1`] = `
<DocumentFragment>
  .c0 {
  color: #0b0c0c;
  font-family: "nta",Arial,sans-serif;
  -webkit-font-smoothing: antialiased;
  -moz-osx-font-smoothing: grayscale;
  font-weight: 700;
  font-size: 32px;
  line-height: 1.09375;
  display: block;
  margin-top: 0;
  margin-bottom: 30px;
}

@media print {

}

@media only screen and (min-width: 641px) {

}

@media only screen and (min-width: 641px) {

}

@media only screen and (min-width: 641px) {

}

@media only screen and (min-width: 641px) {

}

@media print {

}

@media only screen and (min-width: 641px) {

}

@media print {

}

@media only screen and (min-width: 641px) {

}

@media print {

}

@media only screen and (min-width: 641px) {

}

@media print {

}

@media only screen and (min-width: 641px) {

}

@media only screen and (min-width: 641px) {

}

@media only screen and (min-width: 641px) {

}

@media print {
  .c0 {
    color: #000;
  }
}

@media print {
  .c0 {
    font-size: 32px;
    line-height: 1.15;
  }
}

@media only screen and (min-width: 641px) {
  .c0 {
    font-size: 48px;
    line-height: 1.0416666666666667;
  }
}

@media only screen and (min-width: 641px) {
  .c0 {
    margin-bottom: 50px;
  }
}

@media only screen and (min-width: 641px) {

}

<h1
    class="c0"
  >
    Search
  </h1>
  .c5 {
  font-family: "nta",Arial,sans-serif;
  -webkit-font-smoothing: antialiased;
  -moz-osx-font-smoothing: grayscale;
  font-weight: 400;
  font-size: 16px;
  line-height: 19px;
  box-sizing: border-box;
  display: inline-block;
  position: relative;
  width: 100%;
  margin-top: 0;
  padding: 7px 10px;
  border: 2px solid transparent;
  border-radius: 0;
  color: #ffffff;
  background-color: #00703c;
  box-shadow: 0 2px 0 #002413;
  text-align: center;
  vertical-align: top;
  cursor: pointer;
  -webkit-appearance: none;
  margin-bottom: 22px;
}

.c5:focus {
  outline: 3px solid #ffdd00;
  outline-offset: 0;
}

.c5:link,
.c5:visited,
.c5:active,
.c5:hover {
  color: #ffffff;
  text-decoration: none;
}

.c5::-moz-focus-inner {
  padding: 0;
  border: 0;
}

.c5:hover,
.c5:focus {
  background-color: #00572e;
}

.c5 :active {
  top: 2px;
  box-shadow: none;
}

.c5 ::before {
  content: "";
  display: block;
  position: absolute;
  top: -2px;
  right: -2px;
  bottom: -4px;
  left: -2px;
  background: transparent;
}

.c5:active::before {
  top: -4px;
}

.c5 :disabled {
  opacity: 0.5;
  background: #00703c;
}

.c5 :disabled :hover {
  background-color: #00703c;
  cursor: default;
}

.c5 :disabled :focus {
  outline: none;
}

.c5 :disabled :active {
  top: 0;
  box-shadow: 0 2px 0 #002413;
}

.c5 svg {
  max-width: 15px;
}

.c3 {
  font-family: "nta",Arial,sans-serif;
  -webkit-font-smoothing: antialiased;
  -moz-osx-font-smoothing: grayscale;
  font-weight: 400;
  font-size: 16px;
  line-height: 1.25;
  display: block;
  margin-bottom: 15px;
  color: #6f777b;
}

.c2 {
  font-family: "nta",Arial,sans-serif;
  -webkit-font-smoothing: antialiased;
  -moz-osx-font-smoothing: grayscale;
  font-weight: 400;
  font-size: 16px;
  line-height: 1.25;
  color: #0b0c0c;
  display: block;
  clear: none;
  padding-bottom: 2px;
  margin-bottom: 0;
}

.c4 {
  font-family: "nta",Arial,sans-serif;
  -webkit-font-smoothing: antialiased;
  -moz-osx-font-smoothing: grayscale;
  font-weight: 400;
  font-size: 16px;
  line-height: 1.25;
  box-sizing: border-box;
  width: 100%;
  height: 40px;
  margin-top: 0;
  padding: 5px;
  border: 2px solid #0b0c0c;
  border-radius: 0;
  appearance: none;
  margin-bottom: 0;
}

.c4:focus {
  outline: 3px solid #ffdd00;
  outline-offset: 0;
}

.c4::-webkit-outer-spin-button,
.c4::-webkit-inner-spin-button {
  margin: 0;
  -webkit-appearance: none;
}

.c4[type="number"] {
  -moz-appearance: textfield;
}

.c0 {
  display: flex;
  flex-direction: column;
  box-sizing: border-box;
  margin-bottom: 0;
}

.c0 :after {
  content: '';
  display: table;
  clear: both;
}

.c1 {
  margin-bottom: 20px;
}

@media print {
  .c5 {
    font-size: 14px;
    line-height: 19px;
  }
}

@media only screen and (min-width: 641px) {
  .c5 {
    font-size: 19px;
    line-height: 19px;
  }
}

@media only screen and (min-width: 641px) {
  .c5 {
    width: auto;
  }
}

@media only screen and (min-width: 641px) {
  .c5 svg {
    margin-left: 10px;
  }
}

@media only screen and (min-width: 641px) {
  .c5 {
    margin-bottom: 32px;
  }
}

@media print {
  .c3 {
    font-size: 14px;
    line-height: 1.15;
  }
}

@media only screen and (min-width: 641px) {
  .c3 {
    font-size: 19px;
    line-height: 1.3157894736842106;
  }
}

@media print {
  .c2 {
    font-size: 14px;
    line-height: 1.15;
  }
}

@media only screen and (min-width: 641px) {
  .c2 {
    font-size: 19px;
    line-height: 1.3157894736842106;
  }
}

@media print {
  .c2 {
    color: #000;
  }
}

@media only screen and (min-width: 641px) {
  .c2 {
    margin-bottom: 0;
  }
}

@media print {
  .c4 {
    font-size: 14px;
    line-height: 1.15;
  }
}

@media only screen and (min-width: 641px) {
  .c4 {
    font-size: 19px;
    line-height: 1.3157894736842106;
  }
}

@media only screen and (min-width: 641px) {
  .c4 {
    margin-bottom: 0;
  }
}

@media only screen and (min-width: 641px) {
  .c0 {
    margin-bottom: 0;
  }
}

@media print {

}

@media print {

}

@media only screen and (min-width: 641px) {

}

@media only screen and (min-width: 641px) {

}

@media only screen and (min-width: 641px) {
  .c1 {
    margin-bottom: 30px;
  }
}

<form
    action="/action"
  >
    <label
      class="c0 c1"
      data-testid="search-form-input-indicator"
    >
      <span
        class="c2"
      >
        Indicator id or keyword
      </span>
      <span
        class="c3"
      >
        Type in here the IndicatorId.
      </span>
      <input
        class="c4"
        id="indicator"
        name="indicator"
        value=""
      />
    </label>
    <button
      class="c5"
      data-testid="search-form-button-submit"
      type="submit"
    >
      Search
    </button>
  </form>
</DocumentFragment>
`;
