// Jest Snapshot v1, https://goo.gl/fbAQLP

exports[`indicator description page should match snapshot 1`] = `
<DocumentFragment>
  .c0 {
  font-family: "nta",Arial,sans-serif;
  -webkit-font-smoothing: antialiased;
  -moz-osx-font-smoothing: grayscale;
  font-weight: 400;
  font-size: 14px;
  line-height: 1.1428571428571428;
  font-family: "nta",Arial,sans-serif;
  -webkit-font-smoothing: antialiased;
  -moz-osx-font-smoothing: grayscale;
  display: inline-block;
  position: relative;
  margin-top: 15px;
  margin-bottom: 15px;
  padding-left: 14px;
  -webkit-text-decoration: none;
  text-decoration: none;
}

.c0:focus {
  outline: 3px solid #ffdd00;
  outline-offset: 0;
  background-color: #ffdd00;
}

.c0:link,
.c0:visited,
.c0:hover,
.c0:active,
.c0:focus {
  color: #0b0c0c;
}

.c0[href] {
  border-bottom: 1px solid #0b0c0c;
}

.c0::before {
  display: block;
  width: 0;
  height: 0;
  border-style: solid;
  border-color: transparent;
  -webkit-clip-path: polygon(0% 50%,100% 100%,100% 0%);
  clip-path: polygon(0% 50%,100% 100%,100% 0%);
  border-width: 5px 6px 5px 0;
  border-right-color: inherit;
  content: '';
  position: absolute;
  top: -1px;
  bottom: 1px;
  left: 0;
  margin: auto;
}

@media print {
  .c0 {
    font-size: 14px;
    line-height: 1.2;
  }
}

@media only screen and (min-width:641px) {
  .c0 {
    font-size: 16px;
    line-height: 1.25;
  }
}

@media print {
  .c0 {
    font-family: sans-serif;
  }
}

@media print {
  .c0:link,
  .c0:visited,
  .c0:hover,
  .c0:active,
  .c0:focus {
    color: #000;
  }
}

@media print {

}

@media only screen and (min-width:641px) {

}

@media print {

}

@media only screen and (min-width:641px) {

}

@media print {

}

@media only screen and (min-width:641px) {

}

@media print {

}

@media only screen and (min-width:641px) {

}

@media print {

}

@media only screen and (min-width:641px) {

}

@media print {

}

@media only screen and (min-width:641px) {

}

@media print {

}

@media print {

}

@media only screen and (min-width:641px) {

}

@media only screen and (min-width:641px) {

}

@media print {

}

@media print {

}

@media only screen and (min-width:641px) {

}

@media only screen and (min-width:641px) {

}

@media print {

}

@media print {

}

@media only screen and (min-width:641px) {

}

@media only screen and (min-width:641px) {

}

@media print {

}

@media print {

}

@media print {

}

@media only screen and (min-width:641px) {

}

@media only screen and (min-width:641px) {

}

@media print {

}

@media only screen and (min-width:641px) {

}

@media only screen and (min-width:641px) {

}

@media print {

}

@media only screen and (min-width:641px) {

}

@media print {

}

@media only screen and (min-width:641px) {

}

@media only screen and (min-width:641px) {

}

@media only screen and (min-width:641px) {

}

@media only screen and (min-width:641px) {

}

<a
    class="c0"
    data-testid="search-results-back-link"
    href="/"
  >
    Back
  </a>
  .c0 {
  font-family: "nta",Arial,sans-serif;
  -webkit-font-smoothing: antialiased;
  -moz-osx-font-smoothing: grayscale;
  font-weight: 400;
  font-size: 18px;
  line-height: 1.1111111111111112;
  margin-bottom: 5px;
  display: block;
  color: #6f777b;
}

@media print {

}

@media only screen and (min-width:641px) {

}

@media print {

}

@media print {

}

@media print {
  .c0 {
    font-size: 18px;
    line-height: 1.15;
  }
}

@media only screen and (min-width:641px) {
  .c0 {
    font-size: 27px;
    line-height: 1.1111111111111112;
  }
}

@media print {

}

@media only screen and (min-width:641px) {

}

@media print {

}

@media only screen and (min-width:641px) {

}

@media print {

}

@media only screen and (min-width:641px) {

}

@media print {

}

@media only screen and (min-width:641px) {

}

@media print {

}

@media only screen and (min-width:641px) {

}

@media print {

}

@media print {

}

@media only screen and (min-width:641px) {

}

@media only screen and (min-width:641px) {

}

@media print {

}

@media print {

}

@media only screen and (min-width:641px) {

}

@media only screen and (min-width:641px) {

}

@media print {

}

@media print {

}

@media only screen and (min-width:641px) {

}

@media only screen and (min-width:641px) {

}

@media print {

}

@media print {

}

@media print {

}

@media only screen and (min-width:641px) {

}

@media only screen and (min-width:641px) {

}

@media print {

}

@media only screen and (min-width:641px) {

}

@media only screen and (min-width:641px) {

}

@media print {

}

@media only screen and (min-width:641px) {

}

@media print {

}

@media only screen and (min-width:641px) {

}

@media only screen and (min-width:641px) {

}

@media only screen and (min-width:641px) {

}

@media only screen and (min-width:641px) {

}

<span
    class="c0"
  >
    Background information and indicator definitions for
  </span>
  .c0 {
  color: #0b0c0c;
  font-family: "nta",Arial,sans-serif;
  -webkit-font-smoothing: antialiased;
  -moz-osx-font-smoothing: grayscale;
  font-weight: 700;
  font-size: 32px;
  line-height: 1.09375;
  display: block;
  margin-top: 0;
  margin-bottom: 30px;
}

.c1 {
  margin-bottom: 10px;
}

@media print {

}

@media only screen and (min-width:641px) {

}

@media print {

}

@media print {

}

@media print {

}

@media only screen and (min-width:641px) {

}

@media print {

}

@media only screen and (min-width:641px) {

}

@media print {

}

@media only screen and (min-width:641px) {

}

@media print {

}

@media only screen and (min-width:641px) {

}

@media print {

}

@media only screen and (min-width:641px) {

}

@media print {

}

@media only screen and (min-width:641px) {

}

@media print {
  .c0 {
    color: #000;
  }
}

@media print {
  .c0 {
    font-size: 32px;
    line-height: 1.15;
  }
}

@media only screen and (min-width:641px) {
  .c0 {
    font-size: 48px;
    line-height: 1.0416666666666667;
  }
}

@media only screen and (min-width:641px) {
  .c0 {
    margin-bottom: 50px;
  }
}

@media print {

}

@media print {

}

@media only screen and (min-width:641px) {

}

@media only screen and (min-width:641px) {

}

@media print {

}

@media print {

}

@media only screen and (min-width:641px) {

}

@media only screen and (min-width:641px) {

}

@media print {

}

@media print {

}

@media print {

}

@media only screen and (min-width:641px) {

}

@media only screen and (min-width:641px) {

}

@media print {

}

@media only screen and (min-width:641px) {

}

@media only screen and (min-width:641px) {

}

@media print {

}

@media only screen and (min-width:641px) {

}

@media print {

}

@media only screen and (min-width:641px) {

}

@media only screen and (min-width:641px) {

}

@media only screen and (min-width:641px) {
  .c1 {
    margin-bottom: 10px;
  }
}

@media only screen and (min-width:641px) {

}

<h1
    class="c0 c1"
  >
    placeholder indicator name
  </h1>
  .c0 {
  margin: 0;
  font-family: "nta",Arial,sans-serif;
  -webkit-font-smoothing: antialiased;
  -moz-osx-font-smoothing: grayscale;
  font-weight: 400;
  font-size: 14px;
  line-height: 1.1428571428571428;
  margin-bottom: 15px;
}

.c0 > p {
  margin: 0;
}

.c0 > p > code {
  padding: 0.2em 0.4em;
  margin: 0;
  font-size: 85%;
  background-color: rgba(27,31,35,0.05);
  border-radius: 3px;
}

.c0 > pre {
  padding: 16px;
  overflow: auto;
  font-size: 85%;
  line-height: 1.45;
  background-color: #f6f8fa;
  border-radius: 3px;
}

.c0 > pre > code {
  display: inline;
  padding: 0;
  margin: 0;
  border: 0;
  overflow: visible;
  line-height: inherit;
  word-wrap: normal;
}

.c1 {
  margin-bottom: 0;
}

@media print {

}

@media only screen and (min-width:641px) {

}

@media print {

}

@media print {

}

@media print {

}

@media only screen and (min-width:641px) {

}

@media print {

}

@media only screen and (min-width:641px) {

}

@media print {

}

@media only screen and (min-width:641px) {

}

@media print {

}

@media only screen and (min-width:641px) {

}

@media print {

}

@media only screen and (min-width:641px) {

}

@media print {

}

@media only screen and (min-width:641px) {

}

@media print {

}

@media print {

}

@media only screen and (min-width:641px) {

}

@media only screen and (min-width:641px) {

}

@media print {

}

@media print {

}

@media only screen and (min-width:641px) {

}

@media only screen and (min-width:641px) {

}

@media print {

}

@media print {

}

@media only screen and (min-width:641px) {

}

@media only screen and (min-width:641px) {

}

@media print {

}

@media print {

}

@media print {
  .c0 {
    font-size: 14px;
    line-height: 1.2;
  }
}

@media only screen and (min-width:641px) {
  .c0 {
    font-size: 16px;
    line-height: 1.25;
  }
}

@media only screen and (min-width:641px) {
  .c0 {
    margin-bottom: 20px;
  }
}

@media print {

}

@media only screen and (min-width:641px) {

}

@media only screen and (min-width:641px) {

}

@media print {

}

@media only screen and (min-width:641px) {

}

@media print {

}

@media only screen and (min-width:641px) {

}

@media only screen and (min-width:641px) {
  .c1 {
    margin-bottom: 0;
  }
}

@media only screen and (min-width:641px) {

}

@media only screen and (min-width:641px) {

}

<div
    class="c0 c1"
  >
    <p>
      Indicator ID placeholder indicator id
    </p>
  </div>
  .c0 {
  margin: 0;
  font-family: "nta",Arial,sans-serif;
  -webkit-font-smoothing: antialiased;
  -moz-osx-font-smoothing: grayscale;
  font-weight: 400;
  font-size: 14px;
  line-height: 1.1428571428571428;
  margin-bottom: 15px;
}

.c0 > p {
  margin: 0;
}

.c0 > p > code {
  padding: 0.2em 0.4em;
  margin: 0;
  font-size: 85%;
  background-color: rgba(27,31,35,0.05);
  border-radius: 3px;
}

.c0 > pre {
  padding: 16px;
  overflow: auto;
  font-size: 85%;
  line-height: 1.45;
  background-color: #f6f8fa;
  border-radius: 3px;
}

.c0 > pre > code {
  display: inline;
  padding: 0;
  margin: 0;
  border: 0;
  overflow: visible;
  line-height: inherit;
  word-wrap: normal;
}

.c1 {
  margin-bottom: 0;
}

@media print {

}

@media only screen and (min-width:641px) {

}

@media print {

}

@media print {

}

@media print {

}

@media only screen and (min-width:641px) {

}

@media print {

}

@media only screen and (min-width:641px) {

}

@media print {

}

@media only screen and (min-width:641px) {

}

@media print {

}

@media only screen and (min-width:641px) {

}

@media print {

}

@media only screen and (min-width:641px) {

}

@media print {

}

@media only screen and (min-width:641px) {

}

@media print {

}

@media print {

}

@media only screen and (min-width:641px) {

}

@media only screen and (min-width:641px) {

}

@media print {

}

@media print {

}

@media only screen and (min-width:641px) {

}

@media only screen and (min-width:641px) {

}

@media print {

}

@media print {

}

@media only screen and (min-width:641px) {

}

@media only screen and (min-width:641px) {

}

@media print {

}

@media print {

}

@media print {
  .c0 {
    font-size: 14px;
    line-height: 1.2;
  }
}

@media only screen and (min-width:641px) {
  .c0 {
    font-size: 16px;
    line-height: 1.25;
  }
}

@media only screen and (min-width:641px) {
  .c0 {
    margin-bottom: 20px;
  }
}

@media print {

}

@media only screen and (min-width:641px) {

}

@media only screen and (min-width:641px) {

}

@media print {

}

@media only screen and (min-width:641px) {

}

@media print {

}

@media only screen and (min-width:641px) {

}

@media only screen and (min-width:641px) {
  .c1 {
    margin-bottom: 0;
  }
}

@media only screen and (min-width:641px) {

}

@media only screen and (min-width:641px) {

}

<div
    class="c0 c1"
  >
    <p>
      Last updated 14 October 1066
    </p>
  </div>
  .c0 {
  margin: 0;
  font-family: "nta",Arial,sans-serif;
  -webkit-font-smoothing: antialiased;
  -moz-osx-font-smoothing: grayscale;
  font-weight: 400;
  font-size: 14px;
  line-height: 1.1428571428571428;
  margin-bottom: 15px;
}

.c0 > p {
  margin: 0;
}

.c0 > p > code {
  padding: 0.2em 0.4em;
  margin: 0;
  font-size: 85%;
  background-color: rgba(27,31,35,0.05);
  border-radius: 3px;
}

.c0 > pre {
  padding: 16px;
  overflow: auto;
  font-size: 85%;
  line-height: 1.45;
  background-color: #f6f8fa;
  border-radius: 3px;
}

.c0 > pre > code {
  display: inline;
  padding: 0;
  margin: 0;
  border: 0;
  overflow: visible;
  line-height: inherit;
  word-wrap: normal;
}

.c1 {
  margin-bottom: 0;
}

@media print {

}

@media only screen and (min-width:641px) {

}

@media print {

}

@media print {

}

@media print {

}

@media only screen and (min-width:641px) {

}

@media print {

}

@media only screen and (min-width:641px) {

}

@media print {

}

@media only screen and (min-width:641px) {

}

@media print {

}

@media only screen and (min-width:641px) {

}

@media print {

}

@media only screen and (min-width:641px) {

}

@media print {

}

@media only screen and (min-width:641px) {

}

@media print {

}

@media print {

}

@media only screen and (min-width:641px) {

}

@media only screen and (min-width:641px) {

}

@media print {

}

@media print {

}

@media only screen and (min-width:641px) {

}

@media only screen and (min-width:641px) {

}

@media print {

}

@media print {

}

@media only screen and (min-width:641px) {

}

@media only screen and (min-width:641px) {

}

@media print {

}

@media print {

}

@media print {
  .c0 {
    font-size: 14px;
    line-height: 1.2;
  }
}

@media only screen and (min-width:641px) {
  .c0 {
    font-size: 16px;
    line-height: 1.25;
  }
}

@media only screen and (min-width:641px) {
  .c0 {
    margin-bottom: 20px;
  }
}

@media print {

}

@media only screen and (min-width:641px) {

}

@media only screen and (min-width:641px) {

}

@media print {

}

@media only screen and (min-width:641px) {

}

@media print {

}

@media only screen and (min-width:641px) {

}

@media only screen and (min-width:641px) {
  .c1 {
    margin-bottom: 0;
  }
}

@media only screen and (min-width:641px) {

}

@media only screen and (min-width:641px) {

}

<div
    class="c0 c1"
  >
    <p>
      Frequency placeholder frequency
    </p>
  </div>
  .c0 {
  margin: 0;
  border: 0;
  border-bottom: 1px solid #bfc1c3;
}

.c1 {
  margin: 15px;
}

@media print {

}

@media only screen and (min-width:641px) {

}

@media print {

}

@media print {

}

@media print {

}

@media only screen and (min-width:641px) {

}

@media print {

}

@media only screen and (min-width:641px) {

}

@media print {

}

@media only screen and (min-width:641px) {

}

@media print {

}

@media only screen and (min-width:641px) {

}

@media print {

}

@media only screen and (min-width:641px) {

}

@media print {

}

@media only screen and (min-width:641px) {

}

@media print {

}

@media print {

}

@media only screen and (min-width:641px) {

}

@media only screen and (min-width:641px) {

}

@media print {

}

@media print {

}

@media only screen and (min-width:641px) {

}

@media only screen and (min-width:641px) {

}

@media print {

}

@media print {

}

@media only screen and (min-width:641px) {

}

@media only screen and (min-width:641px) {

}

@media print {

}

@media print {

}

@media print {

}

@media only screen and (min-width:641px) {

}

@media only screen and (min-width:641px) {

}

@media print {

}

@media only screen and (min-width:641px) {

}

@media only screen and (min-width:641px) {

}

@media print {

}

@media only screen and (min-width:641px) {

}

@media print {

}

@media only screen and (min-width:641px) {

}

@media only screen and (min-width:641px) {

}

@media only screen and (min-width:641px) {

}

@media only screen and (min-width:641px) {
  .c1 {
    margin: 20px;
  }
}

<hr
    class="c0 c1"
  />
  .c0 {
  margin: 0;
  font-family: "nta",Arial,sans-serif;
  -webkit-font-smoothing: antialiased;
  -moz-osx-font-smoothing: grayscale;
  font-weight: 400;
  font-size: 16px;
  line-height: 1.25;
  margin-bottom: 15px;
}

.c0 > p {
  margin: 0;
}

.c0 > p > code {
  padding: 0.2em 0.4em;
  margin: 0;
  font-size: 85%;
  background-color: rgba(27,31,35,0.05);
  border-radius: 3px;
}

.c0 > pre {
  padding: 16px;
  overflow: auto;
  font-size: 85%;
  line-height: 1.45;
  background-color: #f6f8fa;
  border-radius: 3px;
}

.c0 > pre > code {
  display: inline;
  padding: 0;
  margin: 0;
  border: 0;
  overflow: visible;
  line-height: inherit;
  word-wrap: normal;
}

.c1 {
  margin-bottom: 0;
}

@media print {

}

@media only screen and (min-width:641px) {

}

@media print {

}

@media print {

}

@media print {

}

@media only screen and (min-width:641px) {

}

@media print {

}

@media only screen and (min-width:641px) {

}

@media print {

}

@media only screen and (min-width:641px) {

}

@media print {

}

@media only screen and (min-width:641px) {

}

@media print {

}

@media only screen and (min-width:641px) {

}

@media print {

}

@media only screen and (min-width:641px) {

}

@media print {

}

@media print {

}

@media only screen and (min-width:641px) {

}

@media only screen and (min-width:641px) {

}

@media print {

}

@media print {

}

@media only screen and (min-width:641px) {

}

@media only screen and (min-width:641px) {

}

@media print {

}

@media print {

}

@media only screen and (min-width:641px) {

}

@media only screen and (min-width:641px) {

}

@media print {

}

@media print {

}

@media print {

}

@media only screen and (min-width:641px) {

}

@media only screen and (min-width:641px) {

}

@media print {
  .c0 {
    font-size: 14px;
    line-height: 1.15;
  }
}

@media only screen and (min-width:641px) {
  .c0 {
    font-size: 19px;
    line-height: 1.3157894736842106;
  }
}

@media only screen and (min-width:641px) {
  .c0 {
    margin-bottom: 20px;
  }
}

@media print {

}

@media only screen and (min-width:641px) {

}

@media print {

}

@media only screen and (min-width:641px) {

}

@media only screen and (min-width:641px) {
  .c1 {
    margin-bottom: 0;
  }
}

@media only screen and (min-width:641px) {

}

@media only screen and (min-width:641px) {

}

<div
    class="c0 c1"
  >
    <p>
      Contents
    </p>
  </div>
  .c3 {
  font-family: "nta",Arial,sans-serif;
  -webkit-font-smoothing: antialiased;
  -moz-osx-font-smoothing: grayscale;
  font-weight: 400;
  font-size: 16px;
  line-height: 1.25;
  margin-bottom: 5px;
}

.c1 {
  font-family: "nta",Arial,sans-serif;
  -webkit-font-smoothing: antialiased;
  -moz-osx-font-smoothing: grayscale;
  font-weight: 400;
  font-size: 16px;
  line-height: 1.25;
  color: #0b0c0c;
  margin-top: 0;
  margin-bottom: 15px;
  list-style-type: "— ";
  padding-left: 20px;
}

.c0 .c0 {
  margin-top: 10px;
}

.c1 > .c2 {
  margin-bottom: 5px;
}

.c0 .c0 {
  margin-top: 10px;
}

.c5 > .c2 {
  margin-bottom: 5px;
}

.c4 {
  font-family: "nta",Arial,sans-serif;
  -webkit-font-smoothing: antialiased;
  -moz-osx-font-smoothing: grayscale;
}

.c4:focus {
  outline: 3px solid #ffdd00;
  outline-offset: 0;
  background-color: #ffdd00;
}

.c4:link {
  color: #1d70b8;
}

.c4:visited {
  color: #4c2c92;
}

.c4:hover {
  color: #2b8cc4;
}

.c4:active {
  color: #2b8cc4;
}

.c4:focus {
  color: #0b0c0c;
}

@media print {

}

@media only screen and (min-width:641px) {

}

@media print {

}

@media print {

}

@media print {

}

@media only screen and (min-width:641px) {

}

@media print {
  .c3 {
    font-size: 14px;
    line-height: 1.15;
  }
}

@media only screen and (min-width:641px) {
  .c3 {
    font-size: 19px;
    line-height: 1.3157894736842106;
  }
}

@media print {
  .c1 {
    font-size: 14px;
    line-height: 1.15;
  }
}

@media only screen and (min-width:641px) {
  .c1 {
    font-size: 19px;
    line-height: 1.3157894736842106;
  }
}

@media print {
  .c1 {
    color: #000;
  }
}

@media only screen and (min-width:641px) {
  .c1 {
    margin-bottom: 20px;
  }
}

@media print {

}

@media only screen and (min-width:641px) {

}

@media print {

}

@media only screen and (min-width:641px) {

}

@media print {

}

@media print {

}

@media only screen and (min-width:641px) {

}

@media only screen and (min-width:641px) {

}

@media print {

}

@media print {

}

@media only screen and (min-width:641px) {

}

@media only screen and (min-width:641px) {

}

@media print {

}

@media print {

}

@media only screen and (min-width:641px) {

}

@media only screen and (min-width:641px) {

}

@media print {
  .c4 {
    font-family: sans-serif;
  }
}

@media print {
  .c4[href^="/"]::after,
  .c4[href^="http://"]::after,
  .c4[href^="https://"]::after {
    content: " (" attr(href) ")";
    font-size: 90%;
    word-wrap: break-word;
  }
}

@media print {

}

@media only screen and (min-width:641px) {

}

@media only screen and (min-width:641px) {

}

@media print {

}

@media only screen and (min-width:641px) {

}

@media only screen and (min-width:641px) {

}

@media print {

}

@media only screen and (min-width:641px) {

}

@media print {

}

@media only screen and (min-width:641px) {

}

@media only screen and (min-width:641px) {

}

@media only screen and (min-width:641px) {

}

@media only screen and (min-width:641px) {

}

<ul
    class="c0 c1"
  >
    <li
      class="c2 c3"
    >
      <a
        class="c4"
        href="#definitions"
      >
        Indicator definitions
      </a>
    </li>
    <li
      class="c2 c3"
    >
      <a
        class="c4"
        href="#sources"
      >
        Data sources and reuse
      </a>
    </li>
    <li
      class="c2 c3"
    >
      <a
        class="c4"
        href="#benchmarking"
      >
        Benchmarking and confidence information
      </a>
    </li>
    <li
      class="c2 c3"
    >
      <a
        class="c4"
        href="#rationale"
      >
        Indicator rationale
      </a>
    </li>
    <li
      class="c2 c3"
    >
      <a
        class="c4"
        href="#notes"
      >
        Notes and caveats
      </a>
    </li>
    <li
      class="c2 c3"
    >
      <a
        class="c4"
        href="#links"
      >
        Profiles and links
      </a>
    </li>
  </ul>
  .c0 {
  color: #0b0c0c;
  font-family: "nta",Arial,sans-serif;
  -webkit-font-smoothing: antialiased;
  -moz-osx-font-smoothing: grayscale;
  font-weight: 700;
  font-size: 18px;
  line-height: 1.1111111111111112;
  display: block;
  margin-top: 0;
  margin-bottom: 15px;
}

@media print {

}

@media only screen and (min-width:641px) {

}

@media print {

}

@media print {

}

@media print {

}

@media only screen and (min-width:641px) {

}

@media print {

}

@media only screen and (min-width:641px) {

}

@media print {

}

@media only screen and (min-width:641px) {

}

@media print {

}

@media only screen and (min-width:641px) {

}

@media print {

}

@media only screen and (min-width:641px) {

}

@media print {

}

@media only screen and (min-width:641px) {

}

@media print {

}

@media print {

}

@media only screen and (min-width:641px) {

}

@media only screen and (min-width:641px) {

}

@media print {
  .c0 {
    color: #000;
  }
}

@media print {
  .c0 {
    font-size: 18px;
    line-height: 1.15;
  }
}

@media only screen and (min-width:641px) {
  .c0 {
    font-size: 24px;
    line-height: 1.25;
  }
}

@media only screen and (min-width:641px) {
  .c0 {
    margin-bottom: 20px;
  }
}

@media print {

}

@media print {

}

@media only screen and (min-width:641px) {

}

@media only screen and (min-width:641px) {

}

@media print {

}

@media print {

}

@media print {

}

@media only screen and (min-width:641px) {

}

@media only screen and (min-width:641px) {

}

@media print {

}

@media only screen and (min-width:641px) {

}

@media only screen and (min-width:641px) {

}

@media print {

}

@media only screen and (min-width:641px) {

}

@media print {

}

@media only screen and (min-width:641px) {

}

@media only screen and (min-width:641px) {

}

@media only screen and (min-width:641px) {

}

@media only screen and (min-width:641px) {

}

<h3
    class="c0"
    id="definitions"
  >
    Indicator definitions
  </h3>
  .c0 {
  color: #0b0c0c;
  font-family: "nta",Arial,sans-serif;
  -webkit-font-smoothing: antialiased;
  -moz-osx-font-smoothing: grayscale;
  font-weight: 700;
  font-size: 16px;
  line-height: 1.25;
  display: block;
  margin-top: 0;
  margin-bottom: 15px;
}

@media print {

}

@media only screen and (min-width:641px) {

}

@media print {

}

@media print {

}

@media print {

}

@media only screen and (min-width:641px) {

}

@media print {

}

@media only screen and (min-width:641px) {

}

@media print {

}

@media only screen and (min-width:641px) {

}

@media print {

}

@media only screen and (min-width:641px) {

}

@media print {

}

@media only screen and (min-width:641px) {

}

@media print {

}

@media only screen and (min-width:641px) {

}

@media print {

}

@media print {

}

@media only screen and (min-width:641px) {

}

@media only screen and (min-width:641px) {

}

@media print {

}

@media print {

}

@media only screen and (min-width:641px) {

}

@media only screen and (min-width:641px) {

}

@media print {
  .c0 {
    color: #000;
  }
}

@media print {
  .c0 {
    font-size: 14px;
    line-height: 1.15;
  }
}

@media only screen and (min-width:641px) {
  .c0 {
    font-size: 19px;
    line-height: 1.3157894736842106;
  }
}

@media only screen and (min-width:641px) {
  .c0 {
    margin-bottom: 20px;
  }
}

@media print {

}

@media print {

}

@media print {

}

@media only screen and (min-width:641px) {

}

@media only screen and (min-width:641px) {

}

@media print {

}

@media only screen and (min-width:641px) {

}

@media only screen and (min-width:641px) {

}

@media print {

}

@media only screen and (min-width:641px) {

}

@media print {

}

@media only screen and (min-width:641px) {

}

@media only screen and (min-width:641px) {

}

@media only screen and (min-width:641px) {

}

@media only screen and (min-width:641px) {

}

<h4
    class="c0"
  >
    Definition
  </h4>
  .c0 {
  margin: 0;
  font-family: "nta",Arial,sans-serif;
  -webkit-font-smoothing: antialiased;
  -moz-osx-font-smoothing: grayscale;
  font-weight: 400;
  font-size: 16px;
  line-height: 1.25;
  margin-bottom: 15px;
}

.c0 > p {
  margin: 0;
}

.c0 > p > code {
  padding: 0.2em 0.4em;
  margin: 0;
  font-size: 85%;
  background-color: rgba(27,31,35,0.05);
  border-radius: 3px;
}

.c0 > pre {
  padding: 16px;
  overflow: auto;
  font-size: 85%;
  line-height: 1.45;
  background-color: #f6f8fa;
  border-radius: 3px;
}

.c0 > pre > code {
  display: inline;
  padding: 0;
  margin: 0;
  border: 0;
  overflow: visible;
  line-height: inherit;
  word-wrap: normal;
}

@media print {

}

@media only screen and (min-width:641px) {

}

@media print {

}

@media print {

}

@media print {

}

@media only screen and (min-width:641px) {

}

@media print {

}

@media only screen and (min-width:641px) {

}

@media print {

}

@media only screen and (min-width:641px) {

}

@media print {

}

@media only screen and (min-width:641px) {

}

@media print {

}

@media only screen and (min-width:641px) {

}

@media print {

}

@media only screen and (min-width:641px) {

}

@media print {

}

@media print {

}

@media only screen and (min-width:641px) {

}

@media only screen and (min-width:641px) {

}

@media print {

}

@media print {

}

@media only screen and (min-width:641px) {

}

@media only screen and (min-width:641px) {

}

@media print {

}

@media print {

}

@media only screen and (min-width:641px) {

}

@media only screen and (min-width:641px) {

}

@media print {

}

@media print {

}

@media print {

}

@media only screen and (min-width:641px) {

}

@media only screen and (min-width:641px) {

}

@media print {
  .c0 {
    font-size: 14px;
    line-height: 1.15;
  }
}

@media only screen and (min-width:641px) {
  .c0 {
    font-size: 19px;
    line-height: 1.3157894736842106;
  }
}

@media only screen and (min-width:641px) {
  .c0 {
    margin-bottom: 20px;
  }
}

@media print {

}

@media only screen and (min-width:641px) {

}

@media print {

}

@media only screen and (min-width:641px) {

}

@media only screen and (min-width:641px) {

}

@media only screen and (min-width:641px) {

}

@media only screen and (min-width:641px) {

}

<div
    class="c0"
  >
    <p>
      placeholder indicator definition. Lorem ipsum dolor sit amet, consectetur adipiscing elit. Aenean dictum tempus molestie. Proin orci felis, ullamcorper auctor dui a, dictum luctus nisi. Integer dolor orci, pretium a lacinia quis, elementum a dui. Nunc a finibus massa, non imperdiet ex. Nunc pulvinar, lacus at egestas aliquam, ex mi semper odio, id molestie nulla metus sed leo.
    </p>
  </div>
  .c0 {
  color: #0b0c0c;
  font-family: "nta",Arial,sans-serif;
  -webkit-font-smoothing: antialiased;
  -moz-osx-font-smoothing: grayscale;
  font-weight: 700;
  font-size: 16px;
  line-height: 1.25;
  display: block;
  margin-top: 0;
  margin-bottom: 15px;
}

@media print {

}

@media only screen and (min-width:641px) {

}

@media print {

}

@media print {

}

@media print {

}

@media only screen and (min-width:641px) {

}

@media print {

}

@media only screen and (min-width:641px) {

}

@media print {

}

@media only screen and (min-width:641px) {

}

@media print {

}

@media only screen and (min-width:641px) {

}

@media print {

}

@media only screen and (min-width:641px) {

}

@media print {

}

@media only screen and (min-width:641px) {

}

@media print {

}

@media print {

}

@media only screen and (min-width:641px) {

}

@media only screen and (min-width:641px) {

}

@media print {

}

@media print {

}

@media only screen and (min-width:641px) {

}

@media only screen and (min-width:641px) {

}

@media print {
  .c0 {
    color: #000;
  }
}

@media print {
  .c0 {
    font-size: 14px;
    line-height: 1.15;
  }
}

@media only screen and (min-width:641px) {
  .c0 {
    font-size: 19px;
    line-height: 1.3157894736842106;
  }
}

@media only screen and (min-width:641px) {
  .c0 {
    margin-bottom: 20px;
  }
}

@media print {

}

@media print {

}

@media print {

}

@media only screen and (min-width:641px) {

}

@media only screen and (min-width:641px) {

}

@media print {

}

@media only screen and (min-width:641px) {

}

@media only screen and (min-width:641px) {

}

@media print {

}

@media only screen and (min-width:641px) {

}

@media print {

}

@media only screen and (min-width:641px) {

}

@media only screen and (min-width:641px) {

}

@media only screen and (min-width:641px) {

}

@media only screen and (min-width:641px) {

}

<h4
    class="c0"
  >
    Methodology
  </h4>
  .c0 {
  margin: 0;
  font-family: "nta",Arial,sans-serif;
  -webkit-font-smoothing: antialiased;
  -moz-osx-font-smoothing: grayscale;
  font-weight: 400;
  font-size: 16px;
  line-height: 1.25;
  margin-bottom: 15px;
}

.c0 > p {
  margin: 0;
}

.c0 > p > code {
  padding: 0.2em 0.4em;
  margin: 0;
  font-size: 85%;
  background-color: rgba(27,31,35,0.05);
  border-radius: 3px;
}

.c0 > pre {
  padding: 16px;
  overflow: auto;
  font-size: 85%;
  line-height: 1.45;
  background-color: #f6f8fa;
  border-radius: 3px;
}

.c0 > pre > code {
  display: inline;
  padding: 0;
  margin: 0;
  border: 0;
  overflow: visible;
  line-height: inherit;
  word-wrap: normal;
}

@media print {

}

@media only screen and (min-width:641px) {

}

@media print {

}

@media print {

}

@media print {

}

@media only screen and (min-width:641px) {

}

@media print {

}

@media only screen and (min-width:641px) {

}

@media print {

}

@media only screen and (min-width:641px) {

}

@media print {

}

@media only screen and (min-width:641px) {

}

@media print {

}

@media only screen and (min-width:641px) {

}

@media print {

}

@media only screen and (min-width:641px) {

}

@media print {

}

@media print {

}

@media only screen and (min-width:641px) {

}

@media only screen and (min-width:641px) {

}

@media print {

}

@media print {

}

@media only screen and (min-width:641px) {

}

@media only screen and (min-width:641px) {

}

@media print {

}

@media print {

}

@media only screen and (min-width:641px) {

}

@media only screen and (min-width:641px) {

}

@media print {

}

@media print {

}

@media print {

}

@media only screen and (min-width:641px) {

}

@media only screen and (min-width:641px) {

}

@media print {
  .c0 {
    font-size: 14px;
    line-height: 1.15;
  }
}

@media only screen and (min-width:641px) {
  .c0 {
    font-size: 19px;
    line-height: 1.3157894736842106;
  }
}

@media only screen and (min-width:641px) {
  .c0 {
    margin-bottom: 20px;
  }
}

@media print {

}

@media only screen and (min-width:641px) {

}

@media print {

}

@media only screen and (min-width:641px) {

}

@media only screen and (min-width:641px) {

}

@media only screen and (min-width:641px) {

}

@media only screen and (min-width:641px) {

}

<div
    class="c0"
  >
    <p>
      placeholder method
    </p>
  </div>
  .c0 {
  color: #0b0c0c;
  font-family: "nta",Arial,sans-serif;
  -webkit-font-smoothing: antialiased;
  -moz-osx-font-smoothing: grayscale;
  font-weight: 700;
  font-size: 16px;
  line-height: 1.25;
  display: block;
  margin-top: 0;
  margin-bottom: 15px;
}

@media print {

}

@media only screen and (min-width:641px) {

}

@media print {

}

@media print {

}

@media print {

}

@media only screen and (min-width:641px) {

}

@media print {

}

@media only screen and (min-width:641px) {

}

@media print {

}

@media only screen and (min-width:641px) {

}

@media print {

}

@media only screen and (min-width:641px) {

}

@media print {

}

@media only screen and (min-width:641px) {

}

@media print {

}

@media only screen and (min-width:641px) {

}

@media print {

}

@media print {

}

@media only screen and (min-width:641px) {

}

@media only screen and (min-width:641px) {

}

@media print {

}

@media print {

}

@media only screen and (min-width:641px) {

}

@media only screen and (min-width:641px) {

}

@media print {
  .c0 {
    color: #000;
  }
}

@media print {
  .c0 {
    font-size: 14px;
    line-height: 1.15;
  }
}

@media only screen and (min-width:641px) {
  .c0 {
    font-size: 19px;
    line-height: 1.3157894736842106;
  }
}

@media only screen and (min-width:641px) {
  .c0 {
    margin-bottom: 20px;
  }
}

@media print {

}

@media print {

}

@media print {

}

@media only screen and (min-width:641px) {

}

@media only screen and (min-width:641px) {

}

@media print {

}

@media only screen and (min-width:641px) {

}

@media only screen and (min-width:641px) {

}

@media print {

}

@media only screen and (min-width:641px) {

}

@media print {

}

@media only screen and (min-width:641px) {

}

@media only screen and (min-width:641px) {

}

@media only screen and (min-width:641px) {

}

@media only screen and (min-width:641px) {

}

<h4
    class="c0"
  >
    Definition of numerator
  </h4>
  .c0 {
  margin: 0;
  font-family: "nta",Arial,sans-serif;
  -webkit-font-smoothing: antialiased;
  -moz-osx-font-smoothing: grayscale;
  font-weight: 400;
  font-size: 16px;
  line-height: 1.25;
  margin-bottom: 15px;
}

.c0 > p {
  margin: 0;
}

.c0 > p > code {
  padding: 0.2em 0.4em;
  margin: 0;
  font-size: 85%;
  background-color: rgba(27,31,35,0.05);
  border-radius: 3px;
}

.c0 > pre {
  padding: 16px;
  overflow: auto;
  font-size: 85%;
  line-height: 1.45;
  background-color: #f6f8fa;
  border-radius: 3px;
}

.c0 > pre > code {
  display: inline;
  padding: 0;
  margin: 0;
  border: 0;
  overflow: visible;
  line-height: inherit;
  word-wrap: normal;
}

@media print {

}

@media only screen and (min-width:641px) {

}

@media print {

}

@media print {

}

@media print {

}

@media only screen and (min-width:641px) {

}

@media print {

}

@media only screen and (min-width:641px) {

}

@media print {

}

@media only screen and (min-width:641px) {

}

@media print {

}

@media only screen and (min-width:641px) {

}

@media print {

}

@media only screen and (min-width:641px) {

}

@media print {

}

@media only screen and (min-width:641px) {

}

@media print {

}

@media print {

}

@media only screen and (min-width:641px) {

}

@media only screen and (min-width:641px) {

}

@media print {

}

@media print {

}

@media only screen and (min-width:641px) {

}

@media only screen and (min-width:641px) {

}

@media print {

}

@media print {

}

@media only screen and (min-width:641px) {

}

@media only screen and (min-width:641px) {

}

@media print {

}

@media print {

}

@media print {

}

@media only screen and (min-width:641px) {

}

@media only screen and (min-width:641px) {

}

@media print {
  .c0 {
    font-size: 14px;
    line-height: 1.15;
  }
}

@media only screen and (min-width:641px) {
  .c0 {
    font-size: 19px;
    line-height: 1.3157894736842106;
  }
}

@media only screen and (min-width:641px) {
  .c0 {
    margin-bottom: 20px;
  }
}

@media print {

}

@media only screen and (min-width:641px) {

}

@media print {

}

@media only screen and (min-width:641px) {

}

@media only screen and (min-width:641px) {

}

@media only screen and (min-width:641px) {

}

@media only screen and (min-width:641px) {

}

<div
    class="c0"
  >
    <p>
      placeholder numerator definition
Lorem ipsum dolor sit amet, consectetur adipiscing elit. Quisque venenatis sapien eget nisl dapibus sodales
    </p>
  </div>
  .c0 {
  color: #0b0c0c;
  font-family: "nta",Arial,sans-serif;
  -webkit-font-smoothing: antialiased;
  -moz-osx-font-smoothing: grayscale;
  font-weight: 700;
  font-size: 16px;
  line-height: 1.25;
  display: block;
  margin-top: 0;
  margin-bottom: 15px;
}

@media print {

}

@media only screen and (min-width:641px) {

}

@media print {

}

@media print {

}

@media print {

}

@media only screen and (min-width:641px) {

}

@media print {

}

@media only screen and (min-width:641px) {

}

@media print {

}

@media only screen and (min-width:641px) {

}

@media print {

}

@media only screen and (min-width:641px) {

}

@media print {

}

@media only screen and (min-width:641px) {

}

@media print {

}

@media only screen and (min-width:641px) {

}

@media print {

}

@media print {

}

@media only screen and (min-width:641px) {

}

@media only screen and (min-width:641px) {

}

@media print {

}

@media print {

}

@media only screen and (min-width:641px) {

}

@media only screen and (min-width:641px) {

}

@media print {
  .c0 {
    color: #000;
  }
}

@media print {
  .c0 {
    font-size: 14px;
    line-height: 1.15;
  }
}

@media only screen and (min-width:641px) {
  .c0 {
    font-size: 19px;
    line-height: 1.3157894736842106;
  }
}

@media only screen and (min-width:641px) {
  .c0 {
    margin-bottom: 20px;
  }
}

@media print {

}

@media print {

}

@media print {

}

@media only screen and (min-width:641px) {

}

@media only screen and (min-width:641px) {

}

@media print {

}

@media only screen and (min-width:641px) {

}

@media only screen and (min-width:641px) {

}

@media print {

}

@media only screen and (min-width:641px) {

}

@media print {

}

@media only screen and (min-width:641px) {

}

@media only screen and (min-width:641px) {

}

@media only screen and (min-width:641px) {

}

@media only screen and (min-width:641px) {

}

<h4
    class="c0"
  >
    Definition of denominator
  </h4>
  .c0 {
  margin: 0;
  font-family: "nta",Arial,sans-serif;
  -webkit-font-smoothing: antialiased;
  -moz-osx-font-smoothing: grayscale;
  font-weight: 400;
  font-size: 16px;
  line-height: 1.25;
  margin-bottom: 15px;
}

.c0 > p {
  margin: 0;
}

.c0 > p > code {
  padding: 0.2em 0.4em;
  margin: 0;
  font-size: 85%;
  background-color: rgba(27,31,35,0.05);
  border-radius: 3px;
}

.c0 > pre {
  padding: 16px;
  overflow: auto;
  font-size: 85%;
  line-height: 1.45;
  background-color: #f6f8fa;
  border-radius: 3px;
}

.c0 > pre > code {
  display: inline;
  padding: 0;
  margin: 0;
  border: 0;
  overflow: visible;
  line-height: inherit;
  word-wrap: normal;
}

@media print {

}

@media only screen and (min-width:641px) {

}

@media print {

}

@media print {

}

@media print {

}

@media only screen and (min-width:641px) {

}

@media print {

}

@media only screen and (min-width:641px) {

}

@media print {

}

@media only screen and (min-width:641px) {

}

@media print {

}

@media only screen and (min-width:641px) {

}

@media print {

}

@media only screen and (min-width:641px) {

}

@media print {

}

@media only screen and (min-width:641px) {

}

@media print {

}

@media print {

}

@media only screen and (min-width:641px) {

}

@media only screen and (min-width:641px) {

}

@media print {

}

@media print {

}

@media only screen and (min-width:641px) {

}

@media only screen and (min-width:641px) {

}

@media print {

}

@media print {

}

@media only screen and (min-width:641px) {

}

@media only screen and (min-width:641px) {

}

@media print {

}

@media print {

}

@media print {

}

@media only screen and (min-width:641px) {

}

@media only screen and (min-width:641px) {

}

@media print {
  .c0 {
    font-size: 14px;
    line-height: 1.15;
  }
}

@media only screen and (min-width:641px) {
  .c0 {
    font-size: 19px;
    line-height: 1.3157894736842106;
  }
}

@media only screen and (min-width:641px) {
  .c0 {
    margin-bottom: 20px;
  }
}

@media print {

}

@media only screen and (min-width:641px) {

}

@media print {

}

@media only screen and (min-width:641px) {

}

@media only screen and (min-width:641px) {

}

@media only screen and (min-width:641px) {

}

@media only screen and (min-width:641px) {

}

<div
    class="c0"
  >
    <p>
      placeholder denominator definition
Lorem ipsum dolor sit amet, consectetur adipiscing elit. Quisque venenatis sapien eget nisl dapibus sodales
    </p>
  </div>
  .c0 {
  margin: 0;
  border: 0;
}

.c1 {
  margin: 15px;
}

@media print {

}

@media only screen and (min-width:641px) {

}

@media print {

}

@media print {

}

@media print {

}

@media only screen and (min-width:641px) {

}

@media print {

}

@media only screen and (min-width:641px) {

}

@media print {

}

@media only screen and (min-width:641px) {

}

@media print {

}

@media only screen and (min-width:641px) {

}

@media print {

}

@media only screen and (min-width:641px) {

}

@media print {

}

@media only screen and (min-width:641px) {

}

@media print {

}

@media print {

}

@media only screen and (min-width:641px) {

}

@media only screen and (min-width:641px) {

}

@media print {

}

@media print {

}

@media only screen and (min-width:641px) {

}

@media only screen and (min-width:641px) {

}

@media print {

}

@media print {

}

@media only screen and (min-width:641px) {

}

@media only screen and (min-width:641px) {

}

@media print {

}

@media print {

}

@media print {

}

@media only screen and (min-width:641px) {

}

@media only screen and (min-width:641px) {

}

@media print {

}

@media only screen and (min-width:641px) {

}

@media only screen and (min-width:641px) {

}

@media print {

}

@media only screen and (min-width:641px) {

}

@media print {

}

@media only screen and (min-width:641px) {

}

@media only screen and (min-width:641px) {

}

@media only screen and (min-width:641px) {

}

@media only screen and (min-width:641px) {
  .c1 {
    margin: 20px;
  }
}

<hr
    class="c0 c1"
  />
  .c1 {
  padding: 10px 20px 10px 0;
  border-bottom: 1px solid #bfc1c3;
  text-align: left;
  font-weight: 700;
}

.c1:last-child {
  padding-right: 0;
}

.c2 {
  padding: 10px 20px 10px 0;
  border-bottom: 1px solid #bfc1c3;
  text-align: left;
}

.c2:last-child {
  padding-right: 0;
}

.c0 {
  font-family: "nta",Arial,sans-serif;
  -webkit-font-smoothing: antialiased;
  -moz-osx-font-smoothing: grayscale;
  font-weight: 400;
  font-size: 16px;
  line-height: 1.25;
  color: #0b0c0c;
  width: 100%;
  border-spacing: 0;
  border-collapse: collapse;
  margin-bottom: 20px;
}

@media print {

}

@media only screen and (min-width:641px) {

}

@media print {

}

@media print {

}

@media print {

}

@media only screen and (min-width:641px) {

}

@media print {

}

@media only screen and (min-width:641px) {

}

@media print {

}

@media only screen and (min-width:641px) {

}

@media print {

}

@media only screen and (min-width:641px) {

}

@media print {

}

@media only screen and (min-width:641px) {

}

@media print {

}

@media only screen and (min-width:641px) {

}

@media print {

}

@media print {

}

@media only screen and (min-width:641px) {

}

@media only screen and (min-width:641px) {

}

@media print {

}

@media print {

}

@media only screen and (min-width:641px) {

}

@media only screen and (min-width:641px) {

}

@media print {

}

@media print {

}

@media only screen and (min-width:641px) {

}

@media only screen and (min-width:641px) {

}

@media print {

}

@media print {

}

@media print {

}

@media only screen and (min-width:641px) {

}

@media only screen and (min-width:641px) {

}

@media print {

}

@media only screen and (min-width:641px) {

}

@media only screen and (min-width:641px) {

}

@media print {
  .c0 {
    font-size: 14px;
    line-height: 1.15;
  }
}

@media only screen and (min-width:641px) {
  .c0 {
    font-size: 19px;
    line-height: 1.3157894736842106;
  }
}

@media print {
  .c0 {
    color: #000;
  }
}

@media only screen and (min-width:641px) {
  .c0 {
    margin-bottom: 30px;
  }
}

@media only screen and (min-width:641px) {

}

@media only screen and (min-width:641px) {

}

@media only screen and (min-width:641px) {

}

<table
    class="c0"
  >
    <tbody
      class=""
    >
      <tr
        class=""
      >
        <th
          class="c1"
        >
          Age
        </th>
        <td
          class="c2"
        >
          placeholder age information
        </td>
      </tr>
      <tr
        class=""
      >
        <th
          class="c1"
        >
          Sex
        </th>
        <td
          class="c2"
        >
          placeholder sex information
        </td>
      </tr>
      <tr
        class=""
      >
        <th
          class="c1"
        >
          Value Type
        </th>
        <td
          class="c2"
        >
          placeholder value type
        </td>
      </tr>
      <tr
        class=""
      >
        <th
          class="c1"
        >
          Unit
        </th>
        <td
          class="c2"
        >
          placeholder unit label
        </td>
      </tr>
      <tr
        class=""
      >
        <th
          class="c1"
        >
          Year type
        </th>
        <td
          class="c2"
        >
          placeholder year type (e.g. financial)
        </td>
      </tr>
      <tr
        class=""
      >
        <th
          class="c1"
        >
          Standard population/values
        </th>
        <td
          class="c2"
        >
          placeholder standard population
        </td>
      </tr>
      <tr
        class=""
      >
        <th
          class="c1"
        >
          Disclosure control
        </th>
        <td
          class="c2"
        >
          placeholder disclosure control
        </td>
      </tr>
      <tr
        class=""
      >
        <th
          class="c1"
        >
          Rounding
        </th>
        <td
          class="c2"
        >
          placeholder rounding
        </td>
      </tr>
    </tbody>
  </table>
  .c0 {
  color: #0b0c0c;
  font-family: "nta",Arial,sans-serif;
  -webkit-font-smoothing: antialiased;
  -moz-osx-font-smoothing: grayscale;
  font-weight: 700;
  font-size: 18px;
  line-height: 1.1111111111111112;
  display: block;
  margin-top: 0;
  margin-bottom: 15px;
}

@media print {

}

@media only screen and (min-width:641px) {

}

@media print {

}

@media print {

}

@media print {

}

@media only screen and (min-width:641px) {

}

@media print {

}

@media only screen and (min-width:641px) {

}

@media print {

}

@media only screen and (min-width:641px) {

}

@media print {

}

@media only screen and (min-width:641px) {

}

@media print {

}

@media only screen and (min-width:641px) {

}

@media print {

}

@media only screen and (min-width:641px) {

}

@media print {

}

@media print {

}

@media only screen and (min-width:641px) {

}

@media only screen and (min-width:641px) {

}

@media print {
  .c0 {
    color: #000;
  }
}

@media print {
  .c0 {
    font-size: 18px;
    line-height: 1.15;
  }
}

@media only screen and (min-width:641px) {
  .c0 {
    font-size: 24px;
    line-height: 1.25;
  }
}

@media only screen and (min-width:641px) {
  .c0 {
    margin-bottom: 20px;
  }
}

@media print {

}

@media print {

}

@media only screen and (min-width:641px) {

}

@media only screen and (min-width:641px) {

}

@media print {

}

@media print {

}

@media print {

}

@media only screen and (min-width:641px) {

}

@media only screen and (min-width:641px) {

}

@media print {

}

@media only screen and (min-width:641px) {

}

@media only screen and (min-width:641px) {

}

@media print {

}

@media only screen and (min-width:641px) {

}

@media print {

}

@media only screen and (min-width:641px) {

}

@media only screen and (min-width:641px) {

}

@media only screen and (min-width:641px) {

}

@media only screen and (min-width:641px) {

}

<h3
    class="c0"
    id="sources"
  >
    Data sources and reuse
  </h3>
  .c3 {
  font-family: "nta",Arial,sans-serif;
  -webkit-font-smoothing: antialiased;
  -moz-osx-font-smoothing: grayscale;
}

.c3:focus {
  outline: 3px solid #ffdd00;
  outline-offset: 0;
  background-color: #ffdd00;
}

.c3:link {
  color: #1d70b8;
}

.c3:visited {
  color: #4c2c92;
}

.c3:hover {
  color: #2b8cc4;
}

.c3:active {
  color: #2b8cc4;
}

.c3:focus {
  color: #0b0c0c;
}

.c1 {
  padding: 10px 20px 10px 0;
  border-bottom: 1px solid #bfc1c3;
  text-align: left;
  font-weight: 700;
}

.c1:last-child {
  padding-right: 0;
}

.c2 {
  padding: 10px 20px 10px 0;
  border-bottom: 1px solid #bfc1c3;
  text-align: left;
}

.c2:last-child {
  padding-right: 0;
}

.c0 {
  font-family: "nta",Arial,sans-serif;
  -webkit-font-smoothing: antialiased;
  -moz-osx-font-smoothing: grayscale;
  font-weight: 400;
  font-size: 16px;
  line-height: 1.25;
  color: #0b0c0c;
  width: 100%;
  border-spacing: 0;
  border-collapse: collapse;
  margin-bottom: 20px;
}

@media print {

}

@media only screen and (min-width:641px) {

}

@media print {

}

@media print {

}

@media print {

}

@media only screen and (min-width:641px) {

}

@media print {

}

@media only screen and (min-width:641px) {

}

@media print {

}

@media only screen and (min-width:641px) {

}

@media print {

}

@media only screen and (min-width:641px) {

}

@media print {

}

@media only screen and (min-width:641px) {

}

@media print {

}

@media only screen and (min-width:641px) {

}

@media print {

}

@media print {

}

@media only screen and (min-width:641px) {

}

@media only screen and (min-width:641px) {

}

@media print {

}

@media print {

}

@media only screen and (min-width:641px) {

}

@media only screen and (min-width:641px) {

}

@media print {

}

@media print {

}

@media only screen and (min-width:641px) {

}

@media only screen and (min-width:641px) {

}

@media print {
  .c3 {
    font-family: sans-serif;
  }
}

@media print {
  .c3[href^="/"]::after,
  .c3[href^="http://"]::after,
  .c3[href^="https://"]::after {
    content: " (" attr(href) ")";
    font-size: 90%;
    word-wrap: break-word;
  }
}

@media print {

}

@media only screen and (min-width:641px) {

}

@media only screen and (min-width:641px) {

}

@media print {

}

@media only screen and (min-width:641px) {

}

@media only screen and (min-width:641px) {

}

@media print {
  .c0 {
    font-size: 14px;
    line-height: 1.15;
  }
}

@media only screen and (min-width:641px) {
  .c0 {
    font-size: 19px;
    line-height: 1.3157894736842106;
  }
}

@media print {
  .c0 {
    color: #000;
  }
}

@media only screen and (min-width:641px) {
  .c0 {
    margin-bottom: 30px;
  }
}

@media only screen and (min-width:641px) {

}

@media only screen and (min-width:641px) {

}

@media only screen and (min-width:641px) {

}

<table
    class="c0"
  >
    <tbody
      class=""
    >
      <tr
        class=""
      >
        <th
          class="c1"
        >
          Data source
        </th>
        <td
          class="c2"
        >
          placeholder data source
        </td>
      </tr>
      <tr
        class=""
      >
        <th
          class="c1"
        >
          Current indicator source
        </th>
        <td
          class="c2"
        >
          <a
            class="c3"
            href="#"
          >
            placeholder current indicator source
          </a>
        </td>
      </tr>
      <tr
        class=""
      >
        <th
          class="c1"
        >
          Previous indicator source
        </th>
        <td
          class="c2"
        >
          <a
            class="c3"
            href="#"
          >
            placeholder previous indicator source
          </a>
        </td>
      </tr>
      <tr
        class=""
      >
        <th
          class="c1"
        >
          Source of numerator
        </th>
        <td
          class="c2"
        >
          placeholder numerator source
        </td>
      </tr>
      <tr
        class=""
      >
        <th
          class="c1"
        >
          Source of denominator
        </th>
        <td
          class="c2"
        >
          placeholder denominator source
        </td>
      </tr>
      <tr
        class=""
      >
        <th
          class="c1"
        >
          Copyright
        </th>
        <td
          class="c2"
        >
          placeholder copyright
        </td>
      </tr>
      <tr
        class=""
      >
        <th
          class="c1"
        >
          Date reuse
        </th>
        <td
          class="c2"
        >
          placeholder reuse
        </td>
      </tr>
    </tbody>
  </table>
  .c0 {
  color: #0b0c0c;
  font-family: "nta",Arial,sans-serif;
  -webkit-font-smoothing: antialiased;
  -moz-osx-font-smoothing: grayscale;
  font-weight: 700;
  font-size: 18px;
  line-height: 1.1111111111111112;
  display: block;
  margin-top: 0;
  margin-bottom: 15px;
}

@media print {

}

@media only screen and (min-width:641px) {

}

@media print {

}

@media print {

}

@media print {

}

@media only screen and (min-width:641px) {

}

@media print {

}

@media only screen and (min-width:641px) {

}

@media print {

}

@media only screen and (min-width:641px) {

}

@media print {

}

@media only screen and (min-width:641px) {

}

@media print {

}

@media only screen and (min-width:641px) {

}

@media print {

}

@media only screen and (min-width:641px) {

}

@media print {

}

@media print {

}

@media only screen and (min-width:641px) {

}

@media only screen and (min-width:641px) {

}

@media print {
  .c0 {
    color: #000;
  }
}

@media print {
  .c0 {
    font-size: 18px;
    line-height: 1.15;
  }
}

@media only screen and (min-width:641px) {
  .c0 {
    font-size: 24px;
    line-height: 1.25;
  }
}

@media only screen and (min-width:641px) {
  .c0 {
    margin-bottom: 20px;
  }
}

@media print {

}

@media print {

}

@media only screen and (min-width:641px) {

}

@media only screen and (min-width:641px) {

}

@media print {

}

@media print {

}

@media print {

}

@media only screen and (min-width:641px) {

}

@media only screen and (min-width:641px) {

}

@media print {

}

@media only screen and (min-width:641px) {

}

@media only screen and (min-width:641px) {

}

@media print {

}

@media only screen and (min-width:641px) {

}

@media print {

}

@media only screen and (min-width:641px) {

}

@media only screen and (min-width:641px) {

}

@media only screen and (min-width:641px) {

}

@media only screen and (min-width:641px) {

}

<h3
    class="c0"
    id="benchmarking"
  >
    Benchmarking and confidence information
  </h3>
  .c1 {
  padding: 10px 20px 10px 0;
  border-bottom: 1px solid #bfc1c3;
  text-align: left;
  font-weight: 700;
}

.c1:last-child {
  padding-right: 0;
}

.c2 {
  padding: 10px 20px 10px 0;
  border-bottom: 1px solid #bfc1c3;
  text-align: left;
}

.c2:last-child {
  padding-right: 0;
}

.c0 {
  font-family: "nta",Arial,sans-serif;
  -webkit-font-smoothing: antialiased;
  -moz-osx-font-smoothing: grayscale;
  font-weight: 400;
  font-size: 16px;
  line-height: 1.25;
  color: #0b0c0c;
  width: 100%;
  border-spacing: 0;
  border-collapse: collapse;
  margin-bottom: 20px;
}

@media print {

}

@media only screen and (min-width:641px) {

}

@media print {

}

@media print {

}

@media print {

}

@media only screen and (min-width:641px) {

}

@media print {

}

@media only screen and (min-width:641px) {

}

@media print {

}

@media only screen and (min-width:641px) {

}

@media print {

}

@media only screen and (min-width:641px) {

}

@media print {

}

@media only screen and (min-width:641px) {

}

@media print {

}

@media only screen and (min-width:641px) {

}

@media print {

}

@media print {

}

@media only screen and (min-width:641px) {

}

@media only screen and (min-width:641px) {

}

@media print {

}

@media print {

}

@media only screen and (min-width:641px) {

}

@media only screen and (min-width:641px) {

}

@media print {

}

@media print {

}

@media only screen and (min-width:641px) {

}

@media only screen and (min-width:641px) {

}

@media print {

}

@media print {

}

@media print {

}

@media only screen and (min-width:641px) {

}

@media only screen and (min-width:641px) {

}

@media print {

}

@media only screen and (min-width:641px) {

}

@media only screen and (min-width:641px) {

}

@media print {
  .c0 {
    font-size: 14px;
    line-height: 1.15;
  }
}

@media only screen and (min-width:641px) {
  .c0 {
    font-size: 19px;
    line-height: 1.3157894736842106;
  }
}

@media print {
  .c0 {
    color: #000;
  }
}

@media only screen and (min-width:641px) {
  .c0 {
    margin-bottom: 30px;
  }
}

@media only screen and (min-width:641px) {

}

@media only screen and (min-width:641px) {

}

@media only screen and (min-width:641px) {

}

<table
    class="c0"
  >
    <tbody
      class=""
    >
      <tr
        class=""
      >
        <th
          class="c1"
        >
          Benchmarking method
        </th>
        <td
          class="c2"
        >
          placeholder benchmarking method
        </td>
      </tr>
      <tr
        class=""
      >
        <th
          class="c1"
        >
          Benchmarking significance level
        </th>
        <td
          class="c2"
        >
          placeholder benchmarking signficance level
        </td>
      </tr>
      <tr
        class=""
      >
        <th
          class="c1"
        >
          Confidence interval method
        </th>
        <td
          class="c2"
        >
          placeholder ci method
        </td>
      </tr>
    </tbody>
  </table>
  .c0 {
  color: #0b0c0c;
  font-family: "nta",Arial,sans-serif;
  -webkit-font-smoothing: antialiased;
  -moz-osx-font-smoothing: grayscale;
  font-weight: 700;
  font-size: 16px;
  line-height: 1.25;
  display: block;
  margin-top: 0;
  margin-bottom: 15px;
}

@media print {

}

@media only screen and (min-width:641px) {

}

@media print {

}

@media print {

}

@media print {

}

@media only screen and (min-width:641px) {

}

@media print {

}

@media only screen and (min-width:641px) {

}

@media print {

}

@media only screen and (min-width:641px) {

}

@media print {

}

@media only screen and (min-width:641px) {

}

@media print {

}

@media only screen and (min-width:641px) {

}

@media print {

}

@media only screen and (min-width:641px) {

}

@media print {

}

@media print {

}

@media only screen and (min-width:641px) {

}

@media only screen and (min-width:641px) {

}

@media print {

}

@media print {

}

@media only screen and (min-width:641px) {

}

@media only screen and (min-width:641px) {

}

@media print {
  .c0 {
    color: #000;
  }
}

@media print {
  .c0 {
    font-size: 14px;
    line-height: 1.15;
  }
}

@media only screen and (min-width:641px) {
  .c0 {
    font-size: 19px;
    line-height: 1.3157894736842106;
  }
}

@media only screen and (min-width:641px) {
  .c0 {
    margin-bottom: 20px;
  }
}

@media print {

}

@media print {

}

@media print {

}

@media only screen and (min-width:641px) {

}

@media only screen and (min-width:641px) {

}

@media print {

}

@media only screen and (min-width:641px) {

}

@media only screen and (min-width:641px) {

}

@media print {

}

@media only screen and (min-width:641px) {

}

@media print {

}

@media only screen and (min-width:641px) {

}

@media only screen and (min-width:641px) {

}

@media only screen and (min-width:641px) {

}

@media only screen and (min-width:641px) {

}

<h4
    class="c0"
  >
    Confidence interval methodology
  </h4>
  .c0 {
  margin: 0;
  font-family: "nta",Arial,sans-serif;
  -webkit-font-smoothing: antialiased;
  -moz-osx-font-smoothing: grayscale;
  font-weight: 400;
  font-size: 16px;
  line-height: 1.25;
  margin-bottom: 15px;
}

.c0 > p {
  margin: 0;
}

.c0 > p > code {
  padding: 0.2em 0.4em;
  margin: 0;
  font-size: 85%;
  background-color: rgba(27,31,35,0.05);
  border-radius: 3px;
}

.c0 > pre {
  padding: 16px;
  overflow: auto;
  font-size: 85%;
  line-height: 1.45;
  background-color: #f6f8fa;
  border-radius: 3px;
}

.c0 > pre > code {
  display: inline;
  padding: 0;
  margin: 0;
  border: 0;
  overflow: visible;
  line-height: inherit;
  word-wrap: normal;
}

@media print {

}

@media only screen and (min-width:641px) {

}

@media print {

}

@media print {

}

@media print {

}

@media only screen and (min-width:641px) {

}

@media print {

}

@media only screen and (min-width:641px) {

}

@media print {

}

@media only screen and (min-width:641px) {

}

@media print {

}

@media only screen and (min-width:641px) {

}

@media print {

}

@media only screen and (min-width:641px) {

}

@media print {

}

@media only screen and (min-width:641px) {

}

@media print {

}

@media print {

}

@media only screen and (min-width:641px) {

}

@media only screen and (min-width:641px) {

}

@media print {

}

@media print {

}

@media only screen and (min-width:641px) {

}

@media only screen and (min-width:641px) {

}

@media print {

}

@media print {

}

@media only screen and (min-width:641px) {

}

@media only screen and (min-width:641px) {

}

@media print {

}

@media print {

}

@media print {

}

@media only screen and (min-width:641px) {

}

@media only screen and (min-width:641px) {

}

@media print {
  .c0 {
    font-size: 14px;
    line-height: 1.15;
  }
}

@media only screen and (min-width:641px) {
  .c0 {
    font-size: 19px;
    line-height: 1.3157894736842106;
  }
}

@media only screen and (min-width:641px) {
  .c0 {
    margin-bottom: 20px;
  }
}

@media print {

}

@media only screen and (min-width:641px) {

}

@media print {

}

@media only screen and (min-width:641px) {

}

@media only screen and (min-width:641px) {

}

@media only screen and (min-width:641px) {

}

@media only screen and (min-width:641px) {

}

<div
    class="c0"
  >
    <p>
      placeholder ci method details. Lorem ipsum dolor sit amet, consectetur adipiscing elit. Aenean dictum tempus molestie. Proin orci felis, ullamcorper auctor dui a, dictum luctus nisi. Integer dolor orci, pretium a lacinia quis, elementum a dui. Nunc a finibus massa, non imperdiet ex. Nunc pulvinar, lacus at egestas aliquam, ex mi semper odio, id molestie nulla metus sed leo. Maecenas eu nunc tincidunt, placerat ante ac, venenatis lorem. Pellentesque habitant morbi tristique senectus et netus et malesuada fames ac turpis egestas.
Fusce bibendum vestibulum lacus, non bibendum tellus ullamcorper ut. Curabitur at ipsum leo. Proin convallis pulvinar mi vitae aliquet.
    </p>
  </div>
  .c0 {
  color: #0b0c0c;
  font-family: "nta",Arial,sans-serif;
  -webkit-font-smoothing: antialiased;
  -moz-osx-font-smoothing: grayscale;
  font-weight: 700;
  font-size: 18px;
  line-height: 1.1111111111111112;
  display: block;
  margin-top: 0;
  margin-bottom: 15px;
}

@media print {

}

@media only screen and (min-width:641px) {

}

@media print {

}

@media print {

}

@media print {

}

@media only screen and (min-width:641px) {

}

@media print {

}

@media only screen and (min-width:641px) {

}

@media print {

}

@media only screen and (min-width:641px) {

}

@media print {

}

@media only screen and (min-width:641px) {

}

@media print {

}

@media only screen and (min-width:641px) {

}

@media print {

}

@media only screen and (min-width:641px) {

}

@media print {

}

@media print {

}

@media only screen and (min-width:641px) {

}

@media only screen and (min-width:641px) {

}

@media print {
  .c0 {
    color: #000;
  }
}

@media print {
  .c0 {
    font-size: 18px;
    line-height: 1.15;
  }
}

@media only screen and (min-width:641px) {
  .c0 {
    font-size: 24px;
    line-height: 1.25;
  }
}

@media only screen and (min-width:641px) {
  .c0 {
    margin-bottom: 20px;
  }
}

@media print {

}

@media print {

}

@media only screen and (min-width:641px) {

}

@media only screen and (min-width:641px) {

}

@media print {

}

@media print {

}

@media print {

}

@media only screen and (min-width:641px) {

}

@media only screen and (min-width:641px) {

}

@media print {

}

@media only screen and (min-width:641px) {

}

@media only screen and (min-width:641px) {

}

@media print {

}

@media only screen and (min-width:641px) {

}

@media print {

}

@media only screen and (min-width:641px) {

}

@media only screen and (min-width:641px) {

}

@media only screen and (min-width:641px) {

}

@media only screen and (min-width:641px) {

}

<h3
    class="c0"
    id="rationale"
  >
    Indicator rationale
  </h3>
  .c0 {
  margin: 0;
  font-family: "nta",Arial,sans-serif;
  -webkit-font-smoothing: antialiased;
  -moz-osx-font-smoothing: grayscale;
  font-weight: 400;
  font-size: 16px;
  line-height: 1.25;
  margin-bottom: 15px;
}

.c0 > p {
  margin: 0;
}

.c0 > p > code {
  padding: 0.2em 0.4em;
  margin: 0;
  font-size: 85%;
  background-color: rgba(27,31,35,0.05);
  border-radius: 3px;
}

.c0 > pre {
  padding: 16px;
  overflow: auto;
  font-size: 85%;
  line-height: 1.45;
  background-color: #f6f8fa;
  border-radius: 3px;
}

.c0 > pre > code {
  display: inline;
  padding: 0;
  margin: 0;
  border: 0;
  overflow: visible;
  line-height: inherit;
  word-wrap: normal;
}

@media print {

}

@media only screen and (min-width:641px) {

}

@media print {

}

@media print {

}

@media print {

}

@media only screen and (min-width:641px) {

}

@media print {

}

@media only screen and (min-width:641px) {

}

@media print {

}

@media only screen and (min-width:641px) {

}

@media print {

}

@media only screen and (min-width:641px) {

}

@media print {

}

@media only screen and (min-width:641px) {

}

@media print {

}

@media only screen and (min-width:641px) {

}

@media print {

}

@media print {

}

@media only screen and (min-width:641px) {

}

@media only screen and (min-width:641px) {

}

@media print {

}

@media print {

}

@media only screen and (min-width:641px) {

}

@media only screen and (min-width:641px) {

}

@media print {

}

@media print {

}

@media only screen and (min-width:641px) {

}

@media only screen and (min-width:641px) {

}

@media print {

}

@media print {

}

@media print {

}

@media only screen and (min-width:641px) {

}

@media only screen and (min-width:641px) {

}

@media print {
  .c0 {
    font-size: 14px;
    line-height: 1.15;
  }
}

@media only screen and (min-width:641px) {
  .c0 {
    font-size: 19px;
    line-height: 1.3157894736842106;
  }
}

@media only screen and (min-width:641px) {
  .c0 {
    margin-bottom: 20px;
  }
}

@media print {

}

@media only screen and (min-width:641px) {

}

@media print {

}

@media only screen and (min-width:641px) {

}

@media only screen and (min-width:641px) {

}

@media only screen and (min-width:641px) {

}

@media only screen and (min-width:641px) {

}

<div
    class="c0"
  >
    <p>
      Donec arcu purus, auctor quis dolor suscipit, malesuada cursus nulla. Mauris et massa et libero tempus fringilla. Donec consectetur quis lorem sit amet lacinia. Maecenas non urna a risus gravida rutrum in sed lacus. In pharetra ultricies nisl vitae ultricies. Nulla ullamcorper et lectus eget imperdiet. Phasellus vel rutrum ex.
Suspendisse ligula orci, vestibulum non tincidunt at, congue in quam. Sed imperdiet erat vitae metus tincidunt imperdiet. Donec eget nisi vitae purus consequat gravida eu vel mauris. Nunc eros orci, facilisis in eleifend a, iaculis ut leo. Ut at venenatis ex, in aliquet leo. Proin ut bibendum leo, eu viverra magna.
    </p>
  </div>
  .c0 {
  color: #0b0c0c;
  font-family: "nta",Arial,sans-serif;
  -webkit-font-smoothing: antialiased;
  -moz-osx-font-smoothing: grayscale;
  font-weight: 700;
  font-size: 18px;
  line-height: 1.1111111111111112;
  display: block;
  margin-top: 0;
  margin-bottom: 15px;
}

@media print {

}

@media only screen and (min-width:641px) {

}

@media print {

}

@media print {

}

@media print {

}

@media only screen and (min-width:641px) {

}

@media print {

}

@media only screen and (min-width:641px) {

}

@media print {

}

@media only screen and (min-width:641px) {

}

@media print {

}

@media only screen and (min-width:641px) {

}

@media print {

}

@media only screen and (min-width:641px) {

}

@media print {

}

@media only screen and (min-width:641px) {

}

@media print {

}

@media print {

}

@media only screen and (min-width:641px) {

}

@media only screen and (min-width:641px) {

}

@media print {
  .c0 {
    color: #000;
  }
}

@media print {
  .c0 {
    font-size: 18px;
    line-height: 1.15;
  }
}

@media only screen and (min-width:641px) {
  .c0 {
    font-size: 24px;
    line-height: 1.25;
  }
}

@media only screen and (min-width:641px) {
  .c0 {
    margin-bottom: 20px;
  }
}

@media print {

}

@media print {

}

@media only screen and (min-width:641px) {

}

@media only screen and (min-width:641px) {

}

@media print {

}

@media print {

}

@media print {

}

@media only screen and (min-width:641px) {

}

@media only screen and (min-width:641px) {

}

@media print {

}

@media only screen and (min-width:641px) {

}

@media only screen and (min-width:641px) {

}

@media print {

}

@media only screen and (min-width:641px) {

}

@media print {

}

@media only screen and (min-width:641px) {

}

@media only screen and (min-width:641px) {

}

@media only screen and (min-width:641px) {

}

@media only screen and (min-width:641px) {

}

<h3
    class="c0"
    id="notes"
  >
    Notes and caveats
  </h3>
  .c0 {
  color: #0b0c0c;
  font-family: "nta",Arial,sans-serif;
  -webkit-font-smoothing: antialiased;
  -moz-osx-font-smoothing: grayscale;
  font-weight: 700;
  font-size: 16px;
  line-height: 1.25;
  display: block;
  margin-top: 0;
  margin-bottom: 15px;
}

@media print {

}

@media only screen and (min-width:641px) {

}

@media print {

}

@media print {

}

@media print {

}

@media only screen and (min-width:641px) {

}

@media print {

}

@media only screen and (min-width:641px) {

}

@media print {

}

@media only screen and (min-width:641px) {

}

@media print {

}

@media only screen and (min-width:641px) {

}

@media print {

}

@media only screen and (min-width:641px) {

}

@media print {

}

@media only screen and (min-width:641px) {

}

@media print {

}

@media print {

}

@media only screen and (min-width:641px) {

}

@media only screen and (min-width:641px) {

}

@media print {

}

@media print {

}

@media only screen and (min-width:641px) {

}

@media only screen and (min-width:641px) {

}

@media print {
  .c0 {
    color: #000;
  }
}

@media print {
  .c0 {
    font-size: 14px;
    line-height: 1.15;
  }
}

@media only screen and (min-width:641px) {
  .c0 {
    font-size: 19px;
    line-height: 1.3157894736842106;
  }
}

@media only screen and (min-width:641px) {
  .c0 {
    margin-bottom: 20px;
  }
}

@media print {

}

@media print {

}

@media print {

}

@media only screen and (min-width:641px) {

}

@media only screen and (min-width:641px) {

}

@media print {

}

@media only screen and (min-width:641px) {

}

@media only screen and (min-width:641px) {

}

@media print {

}

@media only screen and (min-width:641px) {

}

@media print {

}

@media only screen and (min-width:641px) {

}

@media only screen and (min-width:641px) {

}

@media only screen and (min-width:641px) {

}

@media only screen and (min-width:641px) {

}

<h4
    class="c0"
  >
    Notes
  </h4>
  .c0 {
  margin: 0;
  font-family: "nta",Arial,sans-serif;
  -webkit-font-smoothing: antialiased;
  -moz-osx-font-smoothing: grayscale;
  font-weight: 400;
  font-size: 16px;
  line-height: 1.25;
  margin-bottom: 15px;
}

.c0 > p {
  margin: 0;
}

.c0 > p > code {
  padding: 0.2em 0.4em;
  margin: 0;
  font-size: 85%;
  background-color: rgba(27,31,35,0.05);
  border-radius: 3px;
}

.c0 > pre {
  padding: 16px;
  overflow: auto;
  font-size: 85%;
  line-height: 1.45;
  background-color: #f6f8fa;
  border-radius: 3px;
}

.c0 > pre > code {
  display: inline;
  padding: 0;
  margin: 0;
  border: 0;
  overflow: visible;
  line-height: inherit;
  word-wrap: normal;
}

@media print {

}

@media only screen and (min-width:641px) {

}

@media print {

}

@media print {

}

@media print {

}

@media only screen and (min-width:641px) {

}

@media print {

}

@media only screen and (min-width:641px) {

}

@media print {

}

@media only screen and (min-width:641px) {

}

@media print {

}

@media only screen and (min-width:641px) {

}

@media print {

}

@media only screen and (min-width:641px) {

}

@media print {

}

@media only screen and (min-width:641px) {

}

@media print {

}

@media print {

}

@media only screen and (min-width:641px) {

}

@media only screen and (min-width:641px) {

}

@media print {

}

@media print {

}

@media only screen and (min-width:641px) {

}

@media only screen and (min-width:641px) {

}

@media print {

}

@media print {

}

@media only screen and (min-width:641px) {

}

@media only screen and (min-width:641px) {

}

@media print {

}

@media print {

}

@media print {

}

@media only screen and (min-width:641px) {

}

@media only screen and (min-width:641px) {

}

@media print {
  .c0 {
    font-size: 14px;
    line-height: 1.15;
  }
}

@media only screen and (min-width:641px) {
  .c0 {
    font-size: 19px;
    line-height: 1.3157894736842106;
  }
}

@media only screen and (min-width:641px) {
  .c0 {
    margin-bottom: 20px;
  }
}

@media print {

}

@media only screen and (min-width:641px) {

}

@media print {

}

@media only screen and (min-width:641px) {

}

@media only screen and (min-width:641px) {

}

@media only screen and (min-width:641px) {

}

@media only screen and (min-width:641px) {

}

<div
    class="c0"
  >
    <p>
      placeholder notes Aliquam accumsan dolor ut velit feugiat pellentesque. Mauris sagittis, orci sit amet sollicitudin finibus, velit tellus rhoncus purus, non convallis felis mi non ex. Fusce elementum lacus ac turpis faucibus eleifend. Integer elementum lorem vel leo luctus suscipit vel id tortor. Nam pulvinar lacus sit amet erat venenatis, non semper nunc sollicitudin.
    </p>
  </div>
  .c0 {
  color: #0b0c0c;
  font-family: "nta",Arial,sans-serif;
  -webkit-font-smoothing: antialiased;
  -moz-osx-font-smoothing: grayscale;
  font-weight: 700;
  font-size: 16px;
  line-height: 1.25;
  display: block;
  margin-top: 0;
  margin-bottom: 15px;
}

@media print {

}

@media only screen and (min-width:641px) {

}

@media print {

}

@media print {

}

@media print {

}

@media only screen and (min-width:641px) {

}

@media print {

}

@media only screen and (min-width:641px) {

}

@media print {

}

@media only screen and (min-width:641px) {

}

@media print {

}

@media only screen and (min-width:641px) {

}

@media print {

}

@media only screen and (min-width:641px) {

}

@media print {

}

@media only screen and (min-width:641px) {

}

@media print {

}

@media print {

}

@media only screen and (min-width:641px) {

}

@media only screen and (min-width:641px) {

}

@media print {

}

@media print {

}

@media only screen and (min-width:641px) {

}

@media only screen and (min-width:641px) {

}

@media print {
  .c0 {
    color: #000;
  }
}

@media print {
  .c0 {
    font-size: 14px;
    line-height: 1.15;
  }
}

@media only screen and (min-width:641px) {
  .c0 {
    font-size: 19px;
    line-height: 1.3157894736842106;
  }
}

@media only screen and (min-width:641px) {
  .c0 {
    margin-bottom: 20px;
  }
}

@media print {

}

@media print {

}

@media print {

}

@media only screen and (min-width:641px) {

}

@media only screen and (min-width:641px) {

}

@media print {

}

@media only screen and (min-width:641px) {

}

@media only screen and (min-width:641px) {

}

@media print {

}

@media only screen and (min-width:641px) {

}

@media print {

}

@media only screen and (min-width:641px) {

}

@media only screen and (min-width:641px) {

}

@media only screen and (min-width:641px) {

}

@media only screen and (min-width:641px) {

}

<h4
    class="c0"
  >
    Caveats
  </h4>
  .c0 {
  margin: 0;
  font-family: "nta",Arial,sans-serif;
  -webkit-font-smoothing: antialiased;
  -moz-osx-font-smoothing: grayscale;
  font-weight: 400;
  font-size: 16px;
  line-height: 1.25;
  margin-bottom: 15px;
}

.c0 > p {
  margin: 0;
}

.c0 > p > code {
  padding: 0.2em 0.4em;
  margin: 0;
  font-size: 85%;
  background-color: rgba(27,31,35,0.05);
  border-radius: 3px;
}

.c0 > pre {
  padding: 16px;
  overflow: auto;
  font-size: 85%;
  line-height: 1.45;
  background-color: #f6f8fa;
  border-radius: 3px;
}

.c0 > pre > code {
  display: inline;
  padding: 0;
  margin: 0;
  border: 0;
  overflow: visible;
  line-height: inherit;
  word-wrap: normal;
}

@media print {

}

@media only screen and (min-width:641px) {

}

@media print {

}

@media print {

}

@media print {

}

@media only screen and (min-width:641px) {

}

@media print {

}

@media only screen and (min-width:641px) {

}

@media print {

}

@media only screen and (min-width:641px) {

}

@media print {

}

@media only screen and (min-width:641px) {

}

@media print {

}

@media only screen and (min-width:641px) {

}

@media print {

}

@media only screen and (min-width:641px) {

}

@media print {

}

@media print {

}

@media only screen and (min-width:641px) {

}

@media only screen and (min-width:641px) {

}

@media print {

}

@media print {

}

@media only screen and (min-width:641px) {

}

@media only screen and (min-width:641px) {

}

@media print {

}

@media print {

}

@media only screen and (min-width:641px) {

}

@media only screen and (min-width:641px) {

}

@media print {

}

@media print {

}

@media print {

}

@media only screen and (min-width:641px) {

}

@media only screen and (min-width:641px) {

}

@media print {
  .c0 {
    font-size: 14px;
    line-height: 1.15;
  }
}

@media only screen and (min-width:641px) {
  .c0 {
    font-size: 19px;
    line-height: 1.3157894736842106;
  }
}

@media only screen and (min-width:641px) {
  .c0 {
    margin-bottom: 20px;
  }
}

@media print {

}

@media only screen and (min-width:641px) {

}

@media print {

}

@media only screen and (min-width:641px) {

}

@media only screen and (min-width:641px) {

}

@media only screen and (min-width:641px) {

}

@media only screen and (min-width:641px) {

}

<div
    class="c0"
  >
    <p>
      placeholder caveats  Pellentesque habitant morbi tristique senectus et netus et malesuada fames ac turpis egestas. Class aptent taciti sociosqu ad litora torquent per conubia nostra, per inceptos himenaeos. Pellentesque consequat magna sapien, ac dapibus arcu commodo vel. Nulla varius ut eros eget consectetur. Interdum et malesuada fames ac ante ipsum primis in faucibus. Phasellus posuere mollis dignissim.
    </p>
  </div>
  .c0 {
  color: #0b0c0c;
  font-family: "nta",Arial,sans-serif;
  -webkit-font-smoothing: antialiased;
  -moz-osx-font-smoothing: grayscale;
  font-weight: 700;
  font-size: 18px;
  line-height: 1.1111111111111112;
  display: block;
  margin-top: 0;
  margin-bottom: 15px;
}

@media print {

}

@media only screen and (min-width:641px) {

}

@media print {

}

@media print {

}

@media print {

}

@media only screen and (min-width:641px) {

}

@media print {

}

@media only screen and (min-width:641px) {

}

@media print {

}

@media only screen and (min-width:641px) {

}

@media print {

}

@media only screen and (min-width:641px) {

}

@media print {

}

@media only screen and (min-width:641px) {

}

@media print {

}

@media only screen and (min-width:641px) {

}

@media print {

}

@media print {

}

@media only screen and (min-width:641px) {

}

@media only screen and (min-width:641px) {

}

@media print {
  .c0 {
    color: #000;
  }
}

@media print {
  .c0 {
    font-size: 18px;
    line-height: 1.15;
  }
}

@media only screen and (min-width:641px) {
  .c0 {
    font-size: 24px;
    line-height: 1.25;
  }
}

@media only screen and (min-width:641px) {
  .c0 {
    margin-bottom: 20px;
  }
}

@media print {

}

@media print {

}

@media only screen and (min-width:641px) {

}

@media only screen and (min-width:641px) {

}

@media print {

}

@media print {

}

@media print {

}

@media only screen and (min-width:641px) {

}

@media only screen and (min-width:641px) {

}

@media print {

}

@media only screen and (min-width:641px) {

}

@media only screen and (min-width:641px) {

}

@media print {

}

@media only screen and (min-width:641px) {

}

@media print {

}

@media only screen and (min-width:641px) {

}

@media only screen and (min-width:641px) {

}

@media only screen and (min-width:641px) {

}

@media only screen and (min-width:641px) {

}

<h3
    class="c0"
    id="links"
  >
    Public health profile usage and related content
  </h3>
  .c0 {
  color: #0b0c0c;
  font-family: "nta",Arial,sans-serif;
  -webkit-font-smoothing: antialiased;
  -moz-osx-font-smoothing: grayscale;
  font-weight: 700;
  font-size: 16px;
  line-height: 1.25;
  display: block;
  margin-top: 0;
  margin-bottom: 15px;
}

@media print {

}

@media only screen and (min-width:641px) {

}

@media print {

}

@media print {

}

@media print {

}

@media only screen and (min-width:641px) {

}

@media print {

}

@media only screen and (min-width:641px) {

}

@media print {

}

@media only screen and (min-width:641px) {

}

@media print {

}

@media only screen and (min-width:641px) {

}

@media print {

}

@media only screen and (min-width:641px) {

}

@media print {

}

@media only screen and (min-width:641px) {

}

@media print {

}

@media print {

}

@media only screen and (min-width:641px) {

}

@media only screen and (min-width:641px) {

}

@media print {

}

@media print {

}

@media only screen and (min-width:641px) {

}

@media only screen and (min-width:641px) {

}

@media print {
  .c0 {
    color: #000;
  }
}

@media print {
  .c0 {
    font-size: 14px;
    line-height: 1.15;
  }
}

@media only screen and (min-width:641px) {
  .c0 {
    font-size: 19px;
    line-height: 1.3157894736842106;
  }
}

@media only screen and (min-width:641px) {
  .c0 {
    margin-bottom: 20px;
  }
}

@media print {

}

@media print {

}

@media print {

}

@media only screen and (min-width:641px) {

}

@media only screen and (min-width:641px) {

}

@media print {

}

@media only screen and (min-width:641px) {

}

@media only screen and (min-width:641px) {

}

@media print {

}

@media only screen and (min-width:641px) {

}

@media print {

}

@media only screen and (min-width:641px) {

}

@media only screen and (min-width:641px) {

}

@media only screen and (min-width:641px) {

}

@media only screen and (min-width:641px) {

}

<h4
    class="c0"
  >
    This indicator is used in the following health profiles
  </h4>
  .c3 {
  font-family: "nta",Arial,sans-serif;
  -webkit-font-smoothing: antialiased;
  -moz-osx-font-smoothing: grayscale;
  font-weight: 400;
  font-size: 16px;
  line-height: 1.25;
  margin-bottom: 5px;
}

.c0 .c0 {
  margin-top: 10px;
}

.c5 > .c2 {
  margin-bottom: 5px;
}

.c1 {
  font-family: "nta",Arial,sans-serif;
  -webkit-font-smoothing: antialiased;
  -moz-osx-font-smoothing: grayscale;
  font-weight: 400;
  font-size: 16px;
  line-height: 1.25;
  color: #0b0c0c;
  margin-top: 0;
  margin-bottom: 15px;
  list-style-type: none;
  padding-left: 0;
}

.c0 .c0 {
  margin-top: 10px;
}

.c1 > .c2 {
  margin-bottom: 5px;
}

.c4 {
  font-family: "nta",Arial,sans-serif;
  -webkit-font-smoothing: antialiased;
  -moz-osx-font-smoothing: grayscale;
}

.c4:focus {
  outline: 3px solid #ffdd00;
  outline-offset: 0;
  background-color: #ffdd00;
}

.c4:link {
  color: #1d70b8;
}

.c4:visited {
  color: #4c2c92;
}

.c4:hover {
  color: #2b8cc4;
}

.c4:active {
  color: #2b8cc4;
}

.c4:focus {
  color: #0b0c0c;
}

@media print {

}

@media only screen and (min-width:641px) {

}

@media print {

}

@media print {

}

@media print {

}

@media only screen and (min-width:641px) {

}

@media print {
  .c3 {
    font-size: 14px;
    line-height: 1.15;
  }
}

@media only screen and (min-width:641px) {
  .c3 {
    font-size: 19px;
    line-height: 1.3157894736842106;
  }
}

@media print {

}

@media only screen and (min-width:641px) {

}

@media print {

}

@media only screen and (min-width:641px) {

}

@media print {
  .c1 {
    font-size: 14px;
    line-height: 1.15;
  }
}

@media only screen and (min-width:641px) {
  .c1 {
    font-size: 19px;
    line-height: 1.3157894736842106;
  }
}

@media print {
  .c1 {
    color: #000;
  }
}

@media only screen and (min-width:641px) {
  .c1 {
    margin-bottom: 20px;
  }
}

@media print {

}

@media print {

}

@media only screen and (min-width:641px) {

}

@media only screen and (min-width:641px) {

}

@media print {

}

@media print {

}

@media only screen and (min-width:641px) {

}

@media only screen and (min-width:641px) {

}

@media print {

}

@media print {

}

@media only screen and (min-width:641px) {

}

@media only screen and (min-width:641px) {

}

@media print {
  .c4 {
    font-family: sans-serif;
  }
}

@media print {
  .c4[href^="/"]::after,
  .c4[href^="http://"]::after,
  .c4[href^="https://"]::after {
    content: " (" attr(href) ")";
    font-size: 90%;
    word-wrap: break-word;
  }
}

@media print {

}

@media only screen and (min-width:641px) {

}

@media only screen and (min-width:641px) {

}

@media print {

}

@media only screen and (min-width:641px) {

}

@media only screen and (min-width:641px) {

}

@media print {

}

@media only screen and (min-width:641px) {

}

@media print {

}

@media only screen and (min-width:641px) {

}

@media only screen and (min-width:641px) {

}

@media only screen and (min-width:641px) {

}

@media only screen and (min-width:641px) {

}

<ul
    class="c0 c1"
  >
    <li
      class="c2 c3"
    >
      <a
        class="c4"
        href="#"
      >
        placeholder profile 1
      </a>
    </li>
    <li
      class="c2 c3"
    >
      <a
        class="c4"
        href="#"
      >
        placeholder profile 2
      </a>
    </li>
    <li
      class="c2 c3"
    >
      <a
        class="c4"
        href="#"
      >
        placeholder profile 3
      </a>
    </li>
  </ul>
  .c0 {
  color: #0b0c0c;
  font-family: "nta",Arial,sans-serif;
  -webkit-font-smoothing: antialiased;
  -moz-osx-font-smoothing: grayscale;
  font-weight: 700;
  font-size: 16px;
  line-height: 1.25;
  display: block;
  margin-top: 0;
  margin-bottom: 15px;
}

@media print {

}

@media only screen and (min-width:641px) {

}

@media print {

}

@media print {

}

@media print {

}

@media only screen and (min-width:641px) {

}

@media print {

}

@media only screen and (min-width:641px) {

}

@media print {

}

@media only screen and (min-width:641px) {

}

@media print {

}

@media only screen and (min-width:641px) {

}

@media print {

}

@media only screen and (min-width:641px) {

}

@media print {

}

@media only screen and (min-width:641px) {

}

@media print {

}

@media print {

}

@media only screen and (min-width:641px) {

}

@media only screen and (min-width:641px) {

}

@media print {

}

@media print {

}

@media only screen and (min-width:641px) {

}

@media only screen and (min-width:641px) {

}

@media print {
  .c0 {
    color: #000;
  }
}

@media print {
  .c0 {
    font-size: 14px;
    line-height: 1.15;
  }
}

@media only screen and (min-width:641px) {
  .c0 {
    font-size: 19px;
    line-height: 1.3157894736842106;
  }
}

@media only screen and (min-width:641px) {
  .c0 {
    margin-bottom: 20px;
  }
}

@media print {

}

@media print {

}

@media print {

}

@media only screen and (min-width:641px) {

}

@media only screen and (min-width:641px) {

}

@media print {

}

@media only screen and (min-width:641px) {

}

@media only screen and (min-width:641px) {

}

@media print {

}

@media only screen and (min-width:641px) {

}

@media print {

}

@media only screen and (min-width:641px) {

}

@media only screen and (min-width:641px) {

}

@media only screen and (min-width:641px) {

}

@media only screen and (min-width:641px) {

}

<h4
    class="c0"
  >
    Related Content
  </h4>
  .c3 {
  font-family: "nta",Arial,sans-serif;
  -webkit-font-smoothing: antialiased;
  -moz-osx-font-smoothing: grayscale;
  font-weight: 400;
  font-size: 16px;
  line-height: 1.25;
  margin-bottom: 5px;
}

.c0 .c0 {
  margin-top: 10px;
}

.c5 > .c2 {
  margin-bottom: 5px;
}

.c1 {
  font-family: "nta",Arial,sans-serif;
  -webkit-font-smoothing: antialiased;
  -moz-osx-font-smoothing: grayscale;
  font-weight: 400;
  font-size: 16px;
  line-height: 1.25;
  color: #0b0c0c;
  margin-top: 0;
  margin-bottom: 15px;
  list-style-type: none;
  padding-left: 0;
}

.c0 .c0 {
  margin-top: 10px;
}

.c1 > .c2 {
  margin-bottom: 5px;
}

.c4 {
  font-family: "nta",Arial,sans-serif;
  -webkit-font-smoothing: antialiased;
  -moz-osx-font-smoothing: grayscale;
}

.c4:focus {
  outline: 3px solid #ffdd00;
  outline-offset: 0;
  background-color: #ffdd00;
}

.c4:link {
  color: #1d70b8;
}

.c4:visited {
  color: #4c2c92;
}

.c4:hover {
  color: #2b8cc4;
}

.c4:active {
  color: #2b8cc4;
}

.c4:focus {
  color: #0b0c0c;
}

@media print {

}

@media only screen and (min-width:641px) {

}

@media print {

}

@media print {

}

@media print {

}

@media only screen and (min-width:641px) {

}

@media print {
  .c3 {
    font-size: 14px;
    line-height: 1.15;
  }
}

@media only screen and (min-width:641px) {
  .c3 {
    font-size: 19px;
    line-height: 1.3157894736842106;
  }
}

@media print {

}

@media only screen and (min-width:641px) {

}

@media print {

}

@media only screen and (min-width:641px) {

}

@media print {
  .c1 {
    font-size: 14px;
    line-height: 1.15;
  }
}

@media only screen and (min-width:641px) {
  .c1 {
    font-size: 19px;
    line-height: 1.3157894736842106;
  }
}

@media print {
  .c1 {
    color: #000;
  }
}

@media only screen and (min-width:641px) {
  .c1 {
    margin-bottom: 20px;
  }
}

@media print {

}

@media print {

}

@media only screen and (min-width:641px) {

}

@media only screen and (min-width:641px) {

}

@media print {

}

@media print {

}

@media only screen and (min-width:641px) {

}

@media only screen and (min-width:641px) {

}

@media print {

}

@media print {

}

@media only screen and (min-width:641px) {

}

@media only screen and (min-width:641px) {

}

@media print {
  .c4 {
    font-family: sans-serif;
  }
}

@media print {
  .c4[href^="/"]::after,
  .c4[href^="http://"]::after,
  .c4[href^="https://"]::after {
    content: " (" attr(href) ")";
    font-size: 90%;
    word-wrap: break-word;
  }
}

@media print {

}

@media only screen and (min-width:641px) {

}

@media only screen and (min-width:641px) {

}

@media print {

}

@media only screen and (min-width:641px) {

}

@media only screen and (min-width:641px) {

}

@media print {

}

@media only screen and (min-width:641px) {

}

@media print {

}

@media only screen and (min-width:641px) {

}

@media only screen and (min-width:641px) {

}

@media only screen and (min-width:641px) {

}

@media only screen and (min-width:641px) {

}

<ul
    class="c0 c1"
  >
    <li
      class="c2 c3"
    >
      <a
        class="c4"
        href="#"
      >
        placeholder link 1
      </a>
    </li>
    <li
      class="c2 c3"
    >
      <a
        class="c4"
        href="#"
      >
        placeholder link 2
      </a>
    </li>
    <li
      class="c2 c3"
    >
      <a
        class="c4"
        href="#"
      >
        placeholder link 3
      </a>
    </li>
  </ul>
</DocumentFragment>
`;
