// Vitest Snapshot v1, https://vitest.dev/guide/snapshot.html

exports[`indicator description page > should match snapshot 1`] = `
<DocumentFragment>
  <a
    class="src__StyledBackLink-sc-159gh4v-0 lgZUAq"
    data-testid="indicator-info-back-link"
    href="/chart?is=1&is=2&as=A001"
  >
    Back
  </a>
  <span
    class="src__Caption-sc-dd9g0r-0 hQkhRe"
  >
    Background information and indicator definitions for
  </span>
  <h1
    class="heading__StyledHeading-sc-1dsobun-0 eaMQId sc-gEvEer iypzoq"
    data-testid="indicator-name"
  >
    placeholder indicator name
  </h1>
  <div
    class="src__StyledParagraph-sc-sgc9po-0 cALenh sc-aXZVg fyYrlG"
  >
    <p>
      Indicator ID placeholder indicator id
    </p>
  </div>
  <div
    class="src__StyledParagraph-sc-sgc9po-0 cALenh sc-aXZVg fyYrlG"
  >
    <p>
      Last updated 14 October 1066
    </p>
  </div>
  <div
    class="src__StyledParagraph-sc-sgc9po-0 cALenh sc-aXZVg fyYrlG"
  >
    <p>
      Frequency placeholder frequency
    </p>
  </div>
  <hr
    class="src__SectionBreak-sc-fayw97-0 sc-eqUAAy kMqhKb fBGttu"
  />
  <div
    class="src__StyledParagraph-sc-sgc9po-0 qWnWb sc-aXZVg fyYrlG"
  >
    <p>
      Contents
    </p>
  </div>
  <ul
    class="src__OrderedList-sc-1392v8j-0 gWgAlH"
  >
    <li
      class="src__ListItem-sc-u4zf5o-0 fxpeqO"
    >
      <a
        class="src__Link-sc-1loawqx-0 jjZtWC"
        href="#definitions"
      >
        Indicator definitions
      </a>
    </li>
    <li
      class="src__ListItem-sc-u4zf5o-0 fxpeqO"
    >
      <a
        class="src__Link-sc-1loawqx-0 jjZtWC"
        href="#sources"
      >
        Data sources and reuse
      </a>
    </li>
    <li
      class="src__ListItem-sc-u4zf5o-0 fxpeqO"
    >
      <a
        class="src__Link-sc-1loawqx-0 jjZtWC"
        href="#benchmarking"
      >
        Benchmarking and confidence information
      </a>
    </li>
    <li
      class="src__ListItem-sc-u4zf5o-0 fxpeqO"
    >
      <a
        class="src__Link-sc-1loawqx-0 jjZtWC"
        href="#rationale"
      >
        Indicator rationale
      </a>
    </li>
    <li
      class="src__ListItem-sc-u4zf5o-0 fxpeqO"
    >
      <a
        class="src__Link-sc-1loawqx-0 jjZtWC"
        href="#notes"
      >
        Notes and caveats
      </a>
    </li>
    <li
      class="src__ListItem-sc-u4zf5o-0 fxpeqO"
    >
      <a
        class="src__Link-sc-1loawqx-0 jjZtWC"
        href="#links"
      >
        Profiles and links
      </a>
    </li>
  </ul>
  <h3
    class="heading__StyledHeading-sc-1dsobun-0 bRbIzR"
    id="definitions"
  >
    Indicator definitions
  </h3>
  <h4
    class="heading__StyledHeading-sc-1dsobun-0 EoZyU"
  >
    Definition
  </h4>
  <div
    class="src__StyledParagraph-sc-sgc9po-0 qWnWb"
  >
    <p>
      placeholder indicator definition. Lorem ipsum dolor sit amet, consectetur adipiscing elit. Aenean dictum tempus molestie. Proin orci felis, ullamcorper auctor dui a, dictum luctus nisi. Integer dolor orci, pretium a lacinia quis, elementum a dui. Nunc a finibus massa, non imperdiet ex. Nunc pulvinar, lacus at egestas aliquam, ex mi semper odio, id molestie nulla metus sed leo.
    </p>
  </div>
  <h4
    class="heading__StyledHeading-sc-1dsobun-0 EoZyU"
  >
    Methodology
  </h4>
  <div
    class="src__StyledParagraph-sc-sgc9po-0 qWnWb"
  >
    <p>
      placeholder method
    </p>
  </div>
  <h4
    class="heading__StyledHeading-sc-1dsobun-0 EoZyU"
  >
    Definition of numerator
  </h4>
  <div
    class="src__StyledParagraph-sc-sgc9po-0 qWnWb"
  >
    <p>
      placeholder numerator definition
Lorem ipsum dolor sit amet, consectetur adipiscing elit. Quisque venenatis sapien eget nisl dapibus sodales
    </p>
  </div>
  <h4
    class="heading__StyledHeading-sc-1dsobun-0 EoZyU"
  >
    Definition of denominator
  </h4>
  <div
    class="src__StyledParagraph-sc-sgc9po-0 qWnWb"
  >
    <p>
      placeholder denominator definition
Lorem ipsum dolor sit amet, consectetur adipiscing elit. Quisque venenatis sapien eget nisl dapibus sodales
    </p>
  </div>
  <hr
    class="src__SectionBreak-sc-fayw97-0 sc-eqUAAy jCLFCp fBGttu"
  />
  <table
    class="src__StyledTable-sc-16s660v-0 duOufa"
  >
    <tbody
      class="TableBody-sc-1qqarm8-0"
    >
      <tr
        class="Row-sc-1y8eqfp-0"
      >
        <th
          class="Cell-sc-msv0l6-0 iftjBc"
        >
          Age
        </th>
        <td
          class="Cell-sc-msv0l6-0 gaSlHc"
        >
          placeholder age information
        </td>
      </tr>
      <tr
        class="Row-sc-1y8eqfp-0"
      >
        <th
          class="Cell-sc-msv0l6-0 iftjBc"
        >
          Sex
        </th>
        <td
          class="Cell-sc-msv0l6-0 gaSlHc"
        >
          placeholder sex information
        </td>
      </tr>
      <tr
        class="Row-sc-1y8eqfp-0"
      >
        <th
          class="Cell-sc-msv0l6-0 iftjBc"
        >
          Value Type
        </th>
        <td
          class="Cell-sc-msv0l6-0 gaSlHc"
        >
          placeholder value type
        </td>
      </tr>
      <tr
        class="Row-sc-1y8eqfp-0"
      >
        <th
          class="Cell-sc-msv0l6-0 iftjBc"
        >
          Unit
        </th>
        <td
          class="Cell-sc-msv0l6-0 gaSlHc"
        >
          placeholder unit label
        </td>
      </tr>
      <tr
        class="Row-sc-1y8eqfp-0"
      >
        <th
          class="Cell-sc-msv0l6-0 iftjBc"
        >
          Year type
        </th>
        <td
          class="Cell-sc-msv0l6-0 gaSlHc"
        >
          placeholder year type (e.g. financial)
        </td>
      </tr>
      <tr
        class="Row-sc-1y8eqfp-0"
      >
        <th
          class="Cell-sc-msv0l6-0 iftjBc"
        >
          Standard population/values
        </th>
        <td
          class="Cell-sc-msv0l6-0 gaSlHc"
        >
          placeholder standard population
        </td>
      </tr>
      <tr
        class="Row-sc-1y8eqfp-0"
      >
        <th
          class="Cell-sc-msv0l6-0 iftjBc"
        >
          Disclosure control
        </th>
        <td
          class="Cell-sc-msv0l6-0 gaSlHc"
        >
          placeholder disclosure control
        </td>
      </tr>
      <tr
        class="Row-sc-1y8eqfp-0"
      >
        <th
          class="Cell-sc-msv0l6-0 iftjBc"
        >
          Rounding
        </th>
        <td
          class="Cell-sc-msv0l6-0 gaSlHc"
        >
          placeholder rounding
        </td>
      </tr>
    </tbody>
  </table>
  <h3
    class="heading__StyledHeading-sc-1dsobun-0 bRbIzR"
    id="sources"
  >
    Data sources and reuse
  </h3>
  <table
    class="src__StyledTable-sc-16s660v-0 duOufa"
  >
    <tbody
      class="TableBody-sc-1qqarm8-0"
    >
      <tr
        class="Row-sc-1y8eqfp-0"
      >
        <th
          class="Cell-sc-msv0l6-0 iftjBc"
        >
          Data source
        </th>
        <td
          class="Cell-sc-msv0l6-0 gaSlHc"
        >
          placeholder data source
        </td>
      </tr>
      <tr
        class="Row-sc-1y8eqfp-0"
      >
        <th
          class="Cell-sc-msv0l6-0 iftjBc"
        >
          Current indicator source
        </th>
        <td
          class="Cell-sc-msv0l6-0 gaSlHc"
        >
          <a
            class="src__Link-sc-1loawqx-0 jjZtWC"
            href="#"
          >
            placeholder current indicator source
          </a>
        </td>
      </tr>
      <tr
        class="Row-sc-1y8eqfp-0"
      >
        <th
          class="Cell-sc-msv0l6-0 iftjBc"
        >
          Previous indicator source
        </th>
        <td
          class="Cell-sc-msv0l6-0 gaSlHc"
        >
          <a
            class="src__Link-sc-1loawqx-0 jjZtWC"
            href="#"
          >
            placeholder previous indicator source
          </a>
        </td>
      </tr>
      <tr
        class="Row-sc-1y8eqfp-0"
      >
        <th
          class="Cell-sc-msv0l6-0 iftjBc"
        >
          Source of numerator
        </th>
        <td
          class="Cell-sc-msv0l6-0 gaSlHc"
        >
          placeholder numerator source
        </td>
      </tr>
      <tr
        class="Row-sc-1y8eqfp-0"
      >
        <th
          class="Cell-sc-msv0l6-0 iftjBc"
        >
          Source of denominator
        </th>
        <td
          class="Cell-sc-msv0l6-0 gaSlHc"
        >
          placeholder denominator source
        </td>
      </tr>
      <tr
        class="Row-sc-1y8eqfp-0"
      >
        <th
          class="Cell-sc-msv0l6-0 iftjBc"
        >
          Copyright
        </th>
        <td
          class="Cell-sc-msv0l6-0 gaSlHc"
        >
          placeholder copyright
        </td>
      </tr>
      <tr
        class="Row-sc-1y8eqfp-0"
      >
        <th
          class="Cell-sc-msv0l6-0 iftjBc"
        >
          Date reuse
        </th>
        <td
          class="Cell-sc-msv0l6-0 gaSlHc"
        >
          placeholder reuse
        </td>
      </tr>
    </tbody>
  </table>
  <h3
    class="heading__StyledHeading-sc-1dsobun-0 bRbIzR"
    id="benchmarking"
  >
    Benchmarking and confidence information
  </h3>
  <table
    class="src__StyledTable-sc-16s660v-0 duOufa"
  >
    <tbody
      class="TableBody-sc-1qqarm8-0"
    >
      <tr
        class="Row-sc-1y8eqfp-0"
      >
        <th
          class="Cell-sc-msv0l6-0 iftjBc"
        >
          Benchmarking method
        </th>
        <td
          class="Cell-sc-msv0l6-0 gaSlHc"
        >
          placeholder benchmarking method
        </td>
      </tr>
      <tr
        class="Row-sc-1y8eqfp-0"
      >
        <th
          class="Cell-sc-msv0l6-0 iftjBc"
        >
          Benchmarking significance level
        </th>
        <td
          class="Cell-sc-msv0l6-0 gaSlHc"
        >
          placeholder benchmarking signficance level
        </td>
      </tr>
      <tr
        class="Row-sc-1y8eqfp-0"
      >
        <th
          class="Cell-sc-msv0l6-0 iftjBc"
        >
          Confidence interval method
        </th>
        <td
          class="Cell-sc-msv0l6-0 gaSlHc"
        >
          placeholder ci method
        </td>
      </tr>
    </tbody>
  </table>
  <h4
    class="heading__StyledHeading-sc-1dsobun-0 EoZyU"
  >
    Confidence interval methodology
  </h4>
  <div
    class="src__StyledParagraph-sc-sgc9po-0 qWnWb"
  >
    <p>
      placeholder ci method details. Lorem ipsum dolor sit amet, consectetur adipiscing elit. Aenean dictum tempus molestie. Proin orci felis, ullamcorper auctor dui a, dictum luctus nisi. Integer dolor orci, pretium a lacinia quis, elementum a dui. Nunc a finibus massa, non imperdiet ex. Nunc pulvinar, lacus at egestas aliquam, ex mi semper odio, id molestie nulla metus sed leo. Maecenas eu nunc tincidunt, placerat ante ac, venenatis lorem. Pellentesque habitant morbi tristique senectus et netus et malesuada fames ac turpis egestas.
Fusce bibendum vestibulum lacus, non bibendum tellus ullamcorper ut. Curabitur at ipsum leo. Proin convallis pulvinar mi vitae aliquet.
    </p>
  </div>
  <h3
    class="heading__StyledHeading-sc-1dsobun-0 bRbIzR"
    id="rationale"
  >
    Indicator rationale
  </h3>
  <div
    class="src__StyledParagraph-sc-sgc9po-0 qWnWb"
  >
    <p>
      Donec arcu purus, auctor quis dolor suscipit, malesuada cursus nulla. Mauris et massa et libero tempus fringilla. Donec consectetur quis lorem sit amet lacinia. Maecenas non urna a risus gravida rutrum in sed lacus. In pharetra ultricies nisl vitae ultricies. Nulla ullamcorper et lectus eget imperdiet. Phasellus vel rutrum ex.
Suspendisse ligula orci, vestibulum non tincidunt at, congue in quam. Sed imperdiet erat vitae metus tincidunt imperdiet. Donec eget nisi vitae purus consequat gravida eu vel mauris. Nunc eros orci, facilisis in eleifend a, iaculis ut leo. Ut at venenatis ex, in aliquet leo. Proin ut bibendum leo, eu viverra magna.
    </p>
  </div>
  <h3
    class="heading__StyledHeading-sc-1dsobun-0 bRbIzR"
    id="notes"
  >
    Notes and caveats
  </h3>
  <h4
    class="heading__StyledHeading-sc-1dsobun-0 EoZyU"
  >
    Notes
  </h4>
  <div
    class="src__StyledParagraph-sc-sgc9po-0 qWnWb"
  >
    <p>
      placeholder notes Aliquam accumsan dolor ut velit feugiat pellentesque. Mauris sagittis, orci sit amet sollicitudin finibus, velit tellus rhoncus purus, non convallis felis mi non ex. Fusce elementum lacus ac turpis faucibus eleifend. Integer elementum lorem vel leo luctus suscipit vel id tortor. Nam pulvinar lacus sit amet erat venenatis, non semper nunc sollicitudin.
    </p>
  </div>
  <h4
    class="heading__StyledHeading-sc-1dsobun-0 EoZyU"
  >
    Caveats
  </h4>
  <div
    class="src__StyledParagraph-sc-sgc9po-0 qWnWb"
  >
    <p>
      placeholder caveats  Pellentesque habitant morbi tristique senectus et netus et malesuada fames ac turpis egestas. Class aptent taciti sociosqu ad litora torquent per conubia nostra, per inceptos himenaeos. Pellentesque consequat magna sapien, ac dapibus arcu commodo vel. Nulla varius ut eros eget consectetur. Interdum et malesuada fames ac ante ipsum primis in faucibus. Phasellus posuere mollis dignissim.
    </p>
  </div>
  <h3
    class="heading__StyledHeading-sc-1dsobun-0 bRbIzR"
    id="links"
  >
    Public health profile usage and related content
  </h3>
  <h4
    class="heading__StyledHeading-sc-1dsobun-0 EoZyU"
  >
    This indicator is used in the following health profiles
  </h4>
  <ul
    class="src__OrderedList-sc-1392v8j-0 kTfnIb"
  >
    <li
      class="src__ListItem-sc-u4zf5o-0 fxpeqO"
    >
      <a
        class="src__Link-sc-1loawqx-0 jjZtWC"
        href="#"
      >
        placeholder profile 1
      </a>
    </li>
    <li
      class="src__ListItem-sc-u4zf5o-0 fxpeqO"
    >
      <a
        class="src__Link-sc-1loawqx-0 jjZtWC"
        href="#"
      >
        placeholder profile 2
      </a>
    </li>
    <li
      class="src__ListItem-sc-u4zf5o-0 fxpeqO"
    >
      <a
        class="src__Link-sc-1loawqx-0 jjZtWC"
        href="#"
      >
        placeholder profile 3
      </a>
    </li>
  </ul>
  <h4
    class="heading__StyledHeading-sc-1dsobun-0 EoZyU"
  >
    Related Content
  </h4>
  <ul
    class="src__OrderedList-sc-1392v8j-0 kTfnIb"
  >
    <li
      class="src__ListItem-sc-u4zf5o-0 fxpeqO"
    >
      <a
        class="src__Link-sc-1loawqx-0 jjZtWC"
        href="#"
      >
        placeholder link 1
      </a>
    </li>
    <li
      class="src__ListItem-sc-u4zf5o-0 fxpeqO"
    >
      <a
        class="src__Link-sc-1loawqx-0 jjZtWC"
        href="#"
      >
        placeholder link 2
      </a>
    </li>
    <li
      class="src__ListItem-sc-u4zf5o-0 fxpeqO"
    >
      <a
        class="src__Link-sc-1loawqx-0 jjZtWC"
        href="#"
      >
        placeholder link 3
      </a>
    </li>
  </ul>
</DocumentFragment>
`;
